-- Logs begin at Mon 2018-11-26 10:04:33 UTC, end at Mon 2018-11-26 10:21:21 UTC. --
Nov 26 10:04:33 localhost systemd-journal[150]: Runtime journal is using 8.0M (max allowed 3.1G, trying to leave 4.0G free of 31.4G available â†’ current limit 3.1G).
Nov 26 10:04:33 localhost kernel: Initializing cgroup subsys cpuset
Nov 26 10:04:33 localhost kernel: Initializing cgroup subsys cpu
Nov 26 10:04:33 localhost kernel: Initializing cgroup subsys cpuacct
Nov 26 10:04:33 localhost kernel: Linux version 3.10.0-693.el7.x86_64 (builder@kbuilder.dev.centos.org) (gcc version 4.8.5 20150623 (Red Hat 4.8.5-16) (GCC) ) #1 SMP Tue Aug 22 21:09:27 UTC 2017
Nov 26 10:04:33 localhost kernel: Command line: initrd=initrd.img inst.stage2=hd:LABEL=CENTOS\x207\x20X8 quiet BOOT_IMAGE=vmlinuz 
Nov 26 10:04:33 localhost kernel: e820: BIOS-provided physical RAM map:
Nov 26 10:04:33 localhost kernel: BIOS-e820: [mem 0x0000000000000000-0x000000000009bfff] usable
Nov 26 10:04:33 localhost kernel: BIOS-e820: [mem 0x0000000000100000-0x00000000cb2dffff] usable
Nov 26 10:04:33 localhost kernel: BIOS-e820: [mem 0x00000000cb2e0000-0x00000000cd31bfff] reserved
Nov 26 10:04:33 localhost kernel: BIOS-e820: [mem 0x00000000cd31c000-0x00000000cd35afff] ACPI data
Nov 26 10:04:33 localhost kernel: BIOS-e820: [mem 0x00000000cd35b000-0x00000000cfffffff] reserved
Nov 26 10:04:33 localhost kernel: BIOS-e820: [mem 0x00000000e0000000-0x00000000efffffff] reserved
Nov 26 10:04:33 localhost kernel: BIOS-e820: [mem 0x00000000fe000000-0x00000000ffffffff] reserved
Nov 26 10:04:33 localhost kernel: BIOS-e820: [mem 0x0000000100000000-0x000000102fffffff] usable
Nov 26 10:04:33 localhost kernel: NX (Execute Disable) protection: active
Nov 26 10:04:33 localhost kernel: SMBIOS 2.7 present.
Nov 26 10:04:33 localhost kernel: DMI:    /0H47HH, BIOS 2.4.3 07/09/2014
Nov 26 10:04:33 localhost kernel: e820: update [mem 0x00000000-0x00000fff] usable ==> reserved
Nov 26 10:04:33 localhost kernel: e820: remove [mem 0x000a0000-0x000fffff] usable
Nov 26 10:04:33 localhost kernel: e820: last_pfn = 0x1030000 max_arch_pfn = 0x400000000
Nov 26 10:04:33 localhost kernel: MTRR default type: uncachable
Nov 26 10:04:33 localhost kernel: MTRR fixed ranges enabled:
Nov 26 10:04:33 localhost kernel:   00000-9FFFF write-back
Nov 26 10:04:33 localhost kernel:   A0000-BFFFF uncachable
Nov 26 10:04:33 localhost kernel:   C0000-CBFFF write-protect
Nov 26 10:04:33 localhost kernel:   CC000-D7FFF write-back
Nov 26 10:04:33 localhost kernel:   D8000-DBFFF write-protect
Nov 26 10:04:33 localhost kernel:   DC000-EBFFF uncachable
Nov 26 10:04:33 localhost kernel:   EC000-FFFFF write-protect
Nov 26 10:04:33 localhost kernel: MTRR variable ranges enabled:
Nov 26 10:04:33 localhost kernel:   0 base 000000000000 mask 3FFF80000000 write-back
Nov 26 10:04:33 localhost kernel:   1 base 000080000000 mask 3FFFC0000000 write-back
Nov 26 10:04:33 localhost kernel:   2 base 0000C0000000 mask 3FFFF0000000 write-back
Nov 26 10:04:33 localhost kernel:   3 base 000100000000 mask 3FFF00000000 write-back
Nov 26 10:04:33 localhost kernel:   4 base 000200000000 mask 3FFE00000000 write-back
Nov 26 10:04:33 localhost kernel:   5 base 000400000000 mask 3FFC00000000 write-back
Nov 26 10:04:33 localhost kernel:   6 base 000800000000 mask 3FF800000000 write-back
Nov 26 10:04:33 localhost kernel:   7 base 001000000000 mask 3FFFC0000000 write-back
Nov 26 10:04:33 localhost kernel:   8 disabled
Nov 26 10:04:33 localhost kernel:   9 disabled
Nov 26 10:04:33 localhost kernel: x86 PAT enabled: cpu 0, old 0x7040600070406, new 0x7010600070106
Nov 26 10:04:33 localhost kernel: e820: update [mem 0xd0000000-0xffffffff] usable ==> reserved
Nov 26 10:04:33 localhost kernel: e820: last_pfn = 0xcb2e0 max_arch_pfn = 0x400000000
Nov 26 10:04:33 localhost kernel: found SMP MP-table at [mem 0x000fe710-0x000fe71f] mapped at [ffff8800000fe710]
Nov 26 10:04:33 localhost kernel: Base memory trampoline at [ffff880000096000] 96000 size 24576
Nov 26 10:04:33 localhost kernel: Using GB pages for direct mapping
Nov 26 10:04:33 localhost kernel: BRK [0x01fe9000, 0x01fe9fff] PGTABLE
Nov 26 10:04:33 localhost kernel: BRK [0x01fea000, 0x01feafff] PGTABLE
Nov 26 10:04:33 localhost kernel: BRK [0x01feb000, 0x01febfff] PGTABLE
Nov 26 10:04:33 localhost kernel: BRK [0x01fec000, 0x01fecfff] PGTABLE
Nov 26 10:04:33 localhost kernel: RAMDISK: [mem 0x7d1ce000-0x7fffefff]
Nov 26 10:04:33 localhost kernel: Early table checksum verification disabled
Nov 26 10:04:33 localhost kernel: ACPI: RSDP 00000000000f0c70 00024 (v02 DELLOE)
Nov 26 10:04:33 localhost kernel: ACPI: XSDT 00000000000f0db8 000A4 (v01 DELLOE  DELLOSE 00000001 DELL 00000001)
Nov 26 10:04:33 localhost kernel: ACPI: FACP 00000000cd33534c 000F4 (v03 DELLOE  DELLOSE 00000001 DELL 00000001)
Nov 26 10:04:33 localhost kernel: ACPI: DSDT 00000000cd31c000 08029 (v01 DELLOE  DELLOSE 00000001 INTL 20110211)
Nov 26 10:04:33 localhost kernel: ACPI: FACS 00000000cd337000 00040
Nov 26 10:04:33 localhost kernel: ACPI: APIC 00000000cd334478 001EA (v01 DELLOE  DELLOSE 00000001 DELL 00000001)
Nov 26 10:04:33 localhost kernel: ACPI: SPCR 00000000cd334664 00050 (v01 DELLOE  DELLOSE 00000001 DELL 00000001)
Nov 26 10:04:33 localhost kernel: ACPI: HPET 00000000cd3346b8 00038 (v01 DELLOE  DELLOSE 00000001 DELL 00000001)
Nov 26 10:04:33 localhost kernel: ACPI: DM__ 00000000cd3346f4 000F0 (v01 DELLOE  DELLOSE 00000001 DELL 00000001)
Nov 26 10:04:33 localhost kernel: ACPI: MCFG 00000000cd334a10 0003C (v01 DELLOE  DELLOSE 00000001 DELL 00000001)
Nov 26 10:04:33 localhost kernel: ACPI: WD__ 00000000cd334a50 00134 (v01 DELLOE  DELLOSE 00000001 DELL 00000001)
Nov 26 10:04:33 localhost kernel: ACPI: SLIC 00000000cd334b88 00024 (v01 DELLOE  DELLOSE 00000001 DELL 00000001)
Nov 26 10:04:33 localhost kernel: ACPI: ERST 00000000cd3241ec 00270 (v01 DELLOE  DELLOSE 00000001 DELL 00000001)
Nov 26 10:04:33 localhost kernel: ACPI: HEST 00000000cd32445c 0055C (v01 DELLOE  DELLOSE 00000001 DELL 00000001)
Nov 26 10:04:33 localhost kernel: ACPI: BERT 00000000cd32402c 00030 (v01 DELLOE  DELLOSE 00000001 DELL 00000001)
Nov 26 10:04:33 localhost kernel: ACPI: EINJ 00000000cd32405c 00190 (v01 DELLOE  DELLOSE 00000001 DELL 00000001)
Nov 26 10:04:33 localhost kernel: ACPI: TCPA 00000000cd3352e4 00064 (v02 DELLOE  DELLOSE 00000001 DELL 00000001)
Nov 26 10:04:33 localhost kernel: ACPI: PC__ 00000000cd335274 0006E (v01 DELLOE  DELLOSE 00000001 DELL 00000001)
Nov 26 10:04:33 localhost kernel: ACPI: SRAT 00000000cd334db0 004C0 (v01 DELLOE  DELLOSE 00000001 DELL 00000001)
Nov 26 10:04:33 localhost kernel: ACPI: SSDT 00000000cd338000 030AC (v01 INTEL  PPM RCM  80000001 INTL 20061109)
Nov 26 10:04:33 localhost kernel: ACPI: Local APIC address 0xfee00000
Nov 26 10:04:33 localhost kernel: SRAT: PXM 1 -> APIC 0x00 -> Node 0
Nov 26 10:04:33 localhost kernel: SRAT: PXM 2 -> APIC 0x20 -> Node 1
Nov 26 10:04:33 localhost kernel: SRAT: PXM 1 -> APIC 0x02 -> Node 0
Nov 26 10:04:33 localhost kernel: SRAT: PXM 2 -> APIC 0x22 -> Node 1
Nov 26 10:04:33 localhost kernel: SRAT: PXM 1 -> APIC 0x04 -> Node 0
Nov 26 10:04:33 localhost kernel: SRAT: PXM 2 -> APIC 0x24 -> Node 1
Nov 26 10:04:33 localhost kernel: SRAT: PXM 1 -> APIC 0x06 -> Node 0
Nov 26 10:04:33 localhost kernel: SRAT: PXM 2 -> APIC 0x26 -> Node 1
Nov 26 10:04:33 localhost kernel: SRAT: PXM 1 -> APIC 0x08 -> Node 0
Nov 26 10:04:33 localhost kernel: SRAT: PXM 2 -> APIC 0x28 -> Node 1
Nov 26 10:04:33 localhost kernel: SRAT: PXM 1 -> APIC 0x0a -> Node 0
Nov 26 10:04:33 localhost kernel: SRAT: PXM 2 -> APIC 0x2a -> Node 1
Nov 26 10:04:33 localhost kernel: SRAT: Node 0 PXM 1 [mem 0x00000000-0x82fffffff]
Nov 26 10:04:33 localhost kernel: SRAT: Node 1 PXM 2 [mem 0x830000000-0x102fffffff]
Nov 26 10:04:33 localhost kernel: NODE_DATA(0) allocated [mem 0x82ffd9000-0x82fffffff]
Nov 26 10:04:33 localhost kernel: NODE_DATA(1) allocated [mem 0x102ffd7000-0x102fffdfff]
Nov 26 10:04:33 localhost kernel: Zone ranges:
Nov 26 10:04:33 localhost kernel:   DMA      [mem 0x00001000-0x00ffffff]
Nov 26 10:04:33 localhost kernel:   DMA32    [mem 0x01000000-0xffffffff]
Nov 26 10:04:33 localhost kernel:   Normal   [mem 0x100000000-0x102fffffff]
Nov 26 10:04:33 localhost kernel: Movable zone start for each node
Nov 26 10:04:33 localhost kernel: Early memory node ranges
Nov 26 10:04:33 localhost kernel:   node   0: [mem 0x00001000-0x0009bfff]
Nov 26 10:04:33 localhost kernel:   node   0: [mem 0x00100000-0xcb2dffff]
Nov 26 10:04:33 localhost kernel:   node   0: [mem 0x100000000-0x82fffffff]
Nov 26 10:04:33 localhost kernel:   node   1: [mem 0x830000000-0x102fffffff]
Nov 26 10:04:33 localhost kernel: Initmem setup node 0 [mem 0x00001000-0x82fffffff]
Nov 26 10:04:33 localhost kernel: On node 0 totalpages: 8368763
Nov 26 10:04:33 localhost kernel:   DMA zone: 64 pages used for memmap
Nov 26 10:04:33 localhost kernel:   DMA zone: 21 pages reserved
Nov 26 10:04:33 localhost kernel:   DMA zone: 3995 pages, LIFO batch:0
Nov 26 10:04:33 localhost kernel:   DMA32 zone: 12940 pages used for memmap
Nov 26 10:04:33 localhost kernel:   DMA32 zone: 828128 pages, LIFO batch:31
Nov 26 10:04:33 localhost kernel:   Normal zone: 117760 pages used for memmap
Nov 26 10:04:33 localhost kernel:   Normal zone: 7536640 pages, LIFO batch:31
Nov 26 10:04:33 localhost kernel: Initmem setup node 1 [mem 0x830000000-0x102fffffff]
Nov 26 10:04:33 localhost kernel: On node 1 totalpages: 8388608
Nov 26 10:04:33 localhost kernel:   Normal zone: 131072 pages used for memmap
Nov 26 10:04:33 localhost kernel:   Normal zone: 8388608 pages, LIFO batch:31
Nov 26 10:04:33 localhost kernel: ACPI: PM-Timer IO Port: 0x808
Nov 26 10:04:33 localhost kernel: ACPI: Local APIC address 0xfee00000
Nov 26 10:04:33 localhost kernel: ACPI: LAPIC (acpi_id[0x01] lapic_id[0x00] enabled)
Nov 26 10:04:33 localhost kernel: ACPI: LAPIC (acpi_id[0x02] lapic_id[0x20] enabled)
Nov 26 10:04:33 localhost kernel: ACPI: LAPIC (acpi_id[0x03] lapic_id[0x02] enabled)
Nov 26 10:04:33 localhost kernel: ACPI: LAPIC (acpi_id[0x04] lapic_id[0x22] enabled)
Nov 26 10:04:33 localhost kernel: ACPI: LAPIC (acpi_id[0x05] lapic_id[0x04] enabled)
Nov 26 10:04:33 localhost kernel: ACPI: LAPIC (acpi_id[0x06] lapic_id[0x24] enabled)
Nov 26 10:04:33 localhost kernel: ACPI: LAPIC (acpi_id[0x07] lapic_id[0x06] enabled)
Nov 26 10:04:33 localhost kernel: ACPI: LAPIC (acpi_id[0x08] lapic_id[0x26] enabled)
Nov 26 10:04:33 localhost kernel: ACPI: LAPIC (acpi_id[0x09] lapic_id[0x08] enabled)
Nov 26 10:04:33 localhost kernel: ACPI: LAPIC (acpi_id[0x0a] lapic_id[0x28] enabled)
Nov 26 10:04:33 localhost kernel: ACPI: LAPIC (acpi_id[0x0b] lapic_id[0x0a] enabled)
Nov 26 10:04:33 localhost kernel: ACPI: LAPIC (acpi_id[0x0c] lapic_id[0x2a] enabled)
Nov 26 10:04:33 localhost kernel: ACPI: LAPIC (acpi_id[0x0d] lapic_id[0x4c] disabled)
Nov 26 10:04:33 localhost kernel: ACPI: LAPIC (acpi_id[0x0e] lapic_id[0x4d] disabled)
Nov 26 10:04:33 localhost kernel: ACPI: LAPIC (acpi_id[0x0f] lapic_id[0x4e] disabled)
Nov 26 10:04:33 localhost kernel: ACPI: LAPIC (acpi_id[0x10] lapic_id[0x4f] disabled)
Nov 26 10:04:33 localhost kernel: ACPI: LAPIC (acpi_id[0x11] lapic_id[0x50] disabled)
Nov 26 10:04:33 localhost kernel: ACPI: LAPIC (acpi_id[0x12] lapic_id[0x51] disabled)
Nov 26 10:04:33 localhost kernel: ACPI: LAPIC (acpi_id[0x13] lapic_id[0x52] disabled)
Nov 26 10:04:33 localhost kernel: ACPI: LAPIC (acpi_id[0x14] lapic_id[0x53] disabled)
Nov 26 10:04:33 localhost kernel: ACPI: LAPIC (acpi_id[0x15] lapic_id[0x54] disabled)
Nov 26 10:04:33 localhost kernel: ACPI: LAPIC (acpi_id[0x16] lapic_id[0x55] disabled)
Nov 26 10:04:33 localhost kernel: ACPI: LAPIC (acpi_id[0x17] lapic_id[0x56] disabled)
Nov 26 10:04:33 localhost kernel: ACPI: LAPIC (acpi_id[0x18] lapic_id[0x57] disabled)
Nov 26 10:04:33 localhost kernel: ACPI: LAPIC (acpi_id[0x19] lapic_id[0x58] disabled)
Nov 26 10:04:33 localhost kernel: ACPI: LAPIC (acpi_id[0x1a] lapic_id[0x59] disabled)
Nov 26 10:04:33 localhost kernel: ACPI: LAPIC (acpi_id[0x1b] lapic_id[0x5a] disabled)
Nov 26 10:04:33 localhost kernel: ACPI: LAPIC (acpi_id[0x1c] lapic_id[0x5b] disabled)
Nov 26 10:04:33 localhost kernel: ACPI: LAPIC (acpi_id[0x1d] lapic_id[0x5c] disabled)
Nov 26 10:04:33 localhost kernel: ACPI: LAPIC (acpi_id[0x1e] lapic_id[0x5d] disabled)
Nov 26 10:04:33 localhost kernel: ACPI: LAPIC (acpi_id[0x1f] lapic_id[0x5e] disabled)
Nov 26 10:04:33 localhost kernel: ACPI: LAPIC (acpi_id[0x20] lapic_id[0x5f] disabled)
Nov 26 10:04:33 localhost kernel: ACPI: LAPIC (acpi_id[0x21] lapic_id[0x60] disabled)
Nov 26 10:04:33 localhost kernel: ACPI: LAPIC (acpi_id[0x22] lapic_id[0x61] disabled)
Nov 26 10:04:33 localhost kernel: ACPI: LAPIC (acpi_id[0x23] lapic_id[0x62] disabled)
Nov 26 10:04:33 localhost kernel: ACPI: LAPIC (acpi_id[0x24] lapic_id[0x63] disabled)
Nov 26 10:04:33 localhost kernel: ACPI: LAPIC (acpi_id[0x25] lapic_id[0x64] disabled)
Nov 26 10:04:33 localhost kernel: ACPI: LAPIC (acpi_id[0x26] lapic_id[0x65] disabled)
Nov 26 10:04:33 localhost kernel: ACPI: LAPIC (acpi_id[0x27] lapic_id[0x66] disabled)
Nov 26 10:04:33 localhost kernel: ACPI: LAPIC (acpi_id[0x28] lapic_id[0x67] disabled)
Nov 26 10:04:33 localhost kernel: ACPI: LAPIC (acpi_id[0x29] lapic_id[0x68] disabled)
Nov 26 10:04:33 localhost kernel: ACPI: LAPIC (acpi_id[0x2a] lapic_id[0x69] disabled)
Nov 26 10:04:33 localhost kernel: ACPI: LAPIC (acpi_id[0x2b] lapic_id[0x6a] disabled)
Nov 26 10:04:33 localhost kernel: ACPI: LAPIC (acpi_id[0x2c] lapic_id[0x6b] disabled)
Nov 26 10:04:33 localhost kernel: ACPI: LAPIC (acpi_id[0x2d] lapic_id[0x6c] disabled)
Nov 26 10:04:33 localhost kernel: ACPI: LAPIC (acpi_id[0x2e] lapic_id[0x6d] disabled)
Nov 26 10:04:33 localhost kernel: ACPI: LAPIC (acpi_id[0x2f] lapic_id[0x6e] disabled)
Nov 26 10:04:33 localhost kernel: ACPI: LAPIC (acpi_id[0x30] lapic_id[0x6f] disabled)
Nov 26 10:04:33 localhost kernel: ACPI: LAPIC_NMI (acpi_id[0xff] high edge lint[0x1])
Nov 26 10:04:33 localhost kernel: ACPI: IOAPIC (id[0x00] address[0xfec00000] gsi_base[0])
Nov 26 10:04:33 localhost kernel: IOAPIC[0]: apic_id 0, version 32, address 0xfec00000, GSI 0-23
Nov 26 10:04:33 localhost kernel: ACPI: IOAPIC (id[0x01] address[0xfec3f000] gsi_base[32])
Nov 26 10:04:33 localhost kernel: IOAPIC[1]: apic_id 1, version 32, address 0xfec3f000, GSI 32-55
Nov 26 10:04:33 localhost kernel: ACPI: IOAPIC (id[0x02] address[0xfec7f000] gsi_base[64])
Nov 26 10:04:33 localhost kernel: IOAPIC[2]: apic_id 2, version 32, address 0xfec7f000, GSI 64-87
Nov 26 10:04:33 localhost kernel: ACPI: INT_SRC_OVR (bus 0 bus_irq 0 global_irq 2 dfl dfl)
Nov 26 10:04:33 localhost kernel: ACPI: INT_SRC_OVR (bus 0 bus_irq 9 global_irq 9 high level)
Nov 26 10:04:33 localhost kernel: ACPI: IRQ0 used by override.
Nov 26 10:04:33 localhost kernel: ACPI: IRQ9 used by override.
Nov 26 10:04:33 localhost kernel: Using ACPI (MADT) for SMP configuration information
Nov 26 10:04:33 localhost kernel: ACPI: HPET id: 0x8086a701 base: 0xfed00000
Nov 26 10:04:33 localhost kernel: smpboot: Allowing 48 CPUs, 36 hotplug CPUs
Nov 26 10:04:33 localhost kernel: PM: Registered nosave memory: [mem 0x0009c000-0x000fffff]
Nov 26 10:04:33 localhost kernel: PM: Registered nosave memory: [mem 0xcb2e0000-0xcd31bfff]
Nov 26 10:04:33 localhost kernel: PM: Registered nosave memory: [mem 0xcd31c000-0xcd35afff]
Nov 26 10:04:33 localhost kernel: PM: Registered nosave memory: [mem 0xcd35b000-0xcfffffff]
Nov 26 10:04:33 localhost kernel: PM: Registered nosave memory: [mem 0xd0000000-0xdfffffff]
Nov 26 10:04:33 localhost kernel: PM: Registered nosave memory: [mem 0xe0000000-0xefffffff]
Nov 26 10:04:33 localhost kernel: PM: Registered nosave memory: [mem 0xf0000000-0xfdffffff]
Nov 26 10:04:33 localhost kernel: PM: Registered nosave memory: [mem 0xfe000000-0xffffffff]
Nov 26 10:04:33 localhost kernel: e820: [mem 0xd0000000-0xdfffffff] available for PCI devices
Nov 26 10:04:33 localhost kernel: Booting paravirtualized kernel on bare hardware
Nov 26 10:04:33 localhost kernel: setup_percpu: NR_CPUS:5120 nr_cpumask_bits:48 nr_cpu_ids:48 nr_node_ids:2
Nov 26 10:04:33 localhost kernel: PERCPU: Embedded 33 pages/cpu @ffff88080f800000 s97048 r8192 d29928 u262144
Nov 26 10:04:33 localhost kernel: pcpu-alloc: s97048 r8192 d29928 u262144 alloc=1*2097152
Nov 26 10:04:33 localhost kernel: pcpu-alloc: [0] 00 02 04 06 08 10 12 14 [0] 16 18 20 22 24 26 28 30 
Nov 26 10:04:33 localhost kernel: pcpu-alloc: [0] 32 34 36 38 40 42 44 46 [1] 01 03 05 07 09 11 13 15 
Nov 26 10:04:33 localhost kernel: pcpu-alloc: [1] 17 19 21 23 25 27 29 31 [1] 33 35 37 39 41 43 45 47 
Nov 26 10:04:33 localhost kernel: Built 2 zonelists in Zone order, mobility grouping on.  Total pages: 16495514
Nov 26 10:04:33 localhost kernel: Policy zone: Normal
Nov 26 10:04:33 localhost kernel: Kernel command line: initrd=initrd.img inst.stage2=hd:LABEL=CENTOS\x207\x20X8 quiet BOOT_IMAGE=vmlinuz 
Nov 26 10:04:33 localhost kernel: PID hash table entries: 4096 (order: 3, 32768 bytes)
Nov 26 10:04:33 localhost kernel: x86/fpu: xstate_offset[2]: 0240, xstate_sizes[2]: 0100
Nov 26 10:04:33 localhost kernel: xsave: enabled xstate_bv 0x7, cntxt size 0x340 using standard form
Nov 26 10:04:33 localhost kernel: Memory: 7393504k/67895296k available (6886k kernel code, 865812k absent, 1185396k reserved, 4545k data, 1764k init)
Nov 26 10:04:33 localhost kernel: SLUB: HWalign=64, Order=0-3, MinObjects=0, CPUs=48, Nodes=2
Nov 26 10:04:33 localhost kernel: Hierarchical RCU implementation.
Nov 26 10:04:33 localhost kernel:         RCU restricting CPUs from NR_CPUS=5120 to nr_cpu_ids=48.
Nov 26 10:04:33 localhost kernel: NR_IRQS:327936 nr_irqs:1896 0
Nov 26 10:04:33 localhost kernel: Console: colour VGA+ 80x25
Nov 26 10:04:33 localhost kernel: console [tty0] enabled
Nov 26 10:04:33 localhost kernel: allocated 268435456 bytes of page_cgroup
Nov 26 10:04:33 localhost kernel: please try 'cgroup_disable=memory' option if you don't want memory cgroups
Nov 26 10:04:33 localhost kernel: Enabling automatic NUMA balancing. Configure with numa_balancing= or the kernel.numa_balancing sysctl
Nov 26 10:04:33 localhost kernel: hpet clockevent registered
Nov 26 10:04:33 localhost kernel: tsc: Fast TSC calibration using PIT
Nov 26 10:04:33 localhost kernel: tsc: Detected 2000.026 MHz processor
Nov 26 10:04:33 localhost kernel: Calibrating delay loop (skipped), value calculated using timer frequency.. 4000.05 BogoMIPS (lpj=2000026)
Nov 26 10:04:33 localhost kernel: pid_max: default: 49152 minimum: 384
Nov 26 10:04:33 localhost kernel: Security Framework initialized
Nov 26 10:04:33 localhost kernel: SELinux:  Initializing.
Nov 26 10:04:33 localhost kernel: SELinux:  Starting in permissive mode
Nov 26 10:04:33 localhost kernel: Yama: becoming mindful.
Nov 26 10:04:33 localhost kernel: Dentry cache hash table entries: 8388608 (order: 14, 67108864 bytes)
Nov 26 10:04:33 localhost kernel: Inode-cache hash table entries: 4194304 (order: 13, 33554432 bytes)
Nov 26 10:04:33 localhost kernel: Mount-cache hash table entries: 131072 (order: 8, 1048576 bytes)
Nov 26 10:04:33 localhost kernel: Mountpoint-cache hash table entries: 131072 (order: 8, 1048576 bytes)
Nov 26 10:04:33 localhost kernel: Initializing cgroup subsys memory
Nov 26 10:04:33 localhost kernel: Initializing cgroup subsys devices
Nov 26 10:04:33 localhost kernel: Initializing cgroup subsys freezer
Nov 26 10:04:33 localhost kernel: Initializing cgroup subsys net_cls
Nov 26 10:04:33 localhost kernel: Initializing cgroup subsys blkio
Nov 26 10:04:33 localhost kernel: Initializing cgroup subsys perf_event
Nov 26 10:04:33 localhost kernel: Initializing cgroup subsys hugetlb
Nov 26 10:04:33 localhost kernel: Initializing cgroup subsys pids
Nov 26 10:04:33 localhost kernel: Initializing cgroup subsys net_prio
Nov 26 10:04:33 localhost kernel: CPU: Physical Processor ID: 0
Nov 26 10:04:33 localhost kernel: CPU: Processor Core ID: 0
Nov 26 10:04:33 localhost kernel: mce: CPU supports 18 MCE banks
Nov 26 10:04:33 localhost kernel: CPU0: Thermal monitoring enabled (TM1)
Nov 26 10:04:33 localhost kernel: Last level iTLB entries: 4KB 512, 2MB 0, 4MB 0
Nov 26 10:04:33 localhost kernel: Last level dTLB entries: 4KB 512, 2MB 32, 4MB 32
Nov 26 10:04:33 localhost kernel: tlb_flushall_shift: 6
Nov 26 10:04:33 localhost kernel: Freeing SMP alternatives: 24k freed
Nov 26 10:04:33 localhost kernel: ACPI: Core revision 20130517
Nov 26 10:04:33 localhost kernel: ACPI: All ACPI Tables successfully acquired
Nov 26 10:04:33 localhost kernel: ftrace: allocating 26584 entries in 104 pages
Nov 26 10:04:33 localhost kernel: smpboot: Max logical packages: 8
Nov 26 10:04:33 localhost kernel: IRQ remapping doesn't support X2APIC mode, disable x2apic.
Nov 26 10:04:33 localhost kernel: Switched APIC routing to physical flat.
Nov 26 10:04:33 localhost kernel: ..TIMER: vector=0x30 apic1=0 pin1=2 apic2=-1 pin2=-1
Nov 26 10:04:33 localhost kernel: smpboot: CPU0: Intel(R) Xeon(R) CPU E5-2620 0 @ 2.00GHz (fam: 06, model: 2d, stepping: 07)
Nov 26 10:04:33 localhost kernel: TSC deadline timer enabled
Nov 26 10:04:33 localhost kernel: Performance Events: PEBS fmt1+, 16-deep LBR, SandyBridge events, full-width counters, Intel PMU driver.
Nov 26 10:04:33 localhost kernel: ... version:                3
Nov 26 10:04:33 localhost kernel: ... bit width:              48
Nov 26 10:04:33 localhost kernel: ... generic registers:      8
Nov 26 10:04:33 localhost kernel: ... value mask:             0000ffffffffffff
Nov 26 10:04:33 localhost kernel: ... max period:             00007fffffffffff
Nov 26 10:04:33 localhost kernel: ... fixed-purpose events:   3
Nov 26 10:04:33 localhost kernel: ... event mask:             00000007000000ff
Nov 26 10:04:33 localhost kernel: NMI watchdog: enabled on all CPUs, permanently consumes one hw-PMU counter.
Nov 26 10:04:33 localhost kernel: smpboot: Booting Node   1, Processors  #1 OK
Nov 26 10:04:33 localhost kernel: smpboot: Booting Node   0, Processors  #2 OK
Nov 26 10:04:33 localhost kernel: smpboot: Booting Node   1, Processors  #3 OK
Nov 26 10:04:33 localhost kernel: smpboot: Booting Node   0, Processors  #4 OK
Nov 26 10:04:33 localhost kernel: smpboot: Booting Node   1, Processors  #5 OK
Nov 26 10:04:33 localhost kernel: smpboot: Booting Node   0, Processors  #6 OK
Nov 26 10:04:33 localhost kernel: smpboot: Booting Node   1, Processors  #7 OK
Nov 26 10:04:33 localhost kernel: smpboot: Booting Node   0, Processors  #8 OK
Nov 26 10:04:33 localhost kernel: smpboot: Booting Node   1, Processors  #9 OK
Nov 26 10:04:33 localhost kernel: smpboot: Booting Node   0, Processors  #10 OK
Nov 26 10:04:33 localhost kernel: smpboot: Booting Node   1, Processors  #11
Nov 26 10:04:33 localhost kernel: Brought up 12 CPUs
Nov 26 10:04:33 localhost kernel: smpboot: Total of 12 processors activated (48023.79 BogoMIPS)
Nov 26 10:04:33 localhost kernel: node 0 initialised, 6880369 pages in 182ms
Nov 26 10:04:33 localhost kernel: node 1 initialised, 7732277 pages in 205ms
Nov 26 10:04:33 localhost kernel: devtmpfs: initialized
Nov 26 10:04:33 localhost kernel: EVM: security.selinux
Nov 26 10:04:33 localhost kernel: EVM: security.ima
Nov 26 10:04:33 localhost kernel: EVM: security.capability
Nov 26 10:04:33 localhost kernel: atomic64 test passed for x86-64 platform with CX8 and with SSE
Nov 26 10:04:33 localhost kernel: pinctrl core: initialized pinctrl subsystem
Nov 26 10:04:33 localhost kernel: RTC time: 10:04:27, date: 11/26/18
Nov 26 10:04:33 localhost kernel: NET: Registered protocol family 16
Nov 26 10:04:33 localhost kernel: ACPI FADT declares the system doesn't support PCIe ASPM, so disable it
Nov 26 10:04:33 localhost kernel: ACPI: bus type PCI registered
Nov 26 10:04:33 localhost kernel: acpiphp: ACPI Hot Plug PCI Controller Driver version: 0.5
Nov 26 10:04:33 localhost kernel: PCI: MMCONFIG for domain 0000 [bus 00-ff] at [mem 0xe0000000-0xefffffff] (base 0xe0000000)
Nov 26 10:04:33 localhost kernel: PCI: MMCONFIG at [mem 0xe0000000-0xefffffff] reserved in E820
Nov 26 10:04:33 localhost kernel: PCI: Using configuration type 1 for base access
Nov 26 10:04:33 localhost kernel: NMI watchdog: enabled on all CPUs, permanently consumes one hw-PMU counter.
Nov 26 10:04:33 localhost kernel: core: PMU erratum BJ122, BV98, HSD29 workaround disabled, HT off
Nov 26 10:04:33 localhost kernel: ACPI: Added _OSI(Module Device)
Nov 26 10:04:33 localhost kernel: ACPI: Added _OSI(Processor Device)
Nov 26 10:04:33 localhost kernel: ACPI: Added _OSI(3.0 _SCP Extensions)
Nov 26 10:04:33 localhost kernel: ACPI: Added _OSI(Processor Aggregator Device)
Nov 26 10:04:33 localhost kernel: ACPI: EC: Look up EC in DSDT
Nov 26 10:04:33 localhost kernel: [Firmware Bug]: ACPI: BIOS _OSI(Linux) query ignored
Nov 26 10:04:33 localhost kernel: ACPI: Interpreter enabled
Nov 26 10:04:33 localhost kernel: ACPI: (supports S0 S4 S5)
Nov 26 10:04:33 localhost kernel: ACPI: Using IOAPIC for interrupt routing
Nov 26 10:04:33 localhost kernel: HEST: Table parsing has been initialized.
Nov 26 10:04:33 localhost kernel: PCI: Using host bridge windows from ACPI; if necessary, use "pci=nocrs" and report a bug
Nov 26 10:04:33 localhost kernel: ACPI: PCI Root Bridge [PCI0] (domain 0000 [bus 00-3d])
Nov 26 10:04:33 localhost kernel: acpi PNP0A08:00: _OSC: OS supports [ExtendedConfig ASPM ClockPM Segments MSI]
Nov 26 10:04:33 localhost kernel: acpi PNP0A08:00: PCIe AER handled by firmware
Nov 26 10:04:33 localhost kernel: acpi PNP0A08:00: _OSC: OS now controls [PCIeHotplug PME PCIeCapability]
Nov 26 10:04:33 localhost kernel: acpi PNP0A08:00: FADT indicates ASPM is unsupported, using BIOS configuration
Nov 26 10:04:33 localhost kernel: PCI host bridge to bus 0000:00
Nov 26 10:04:33 localhost kernel: pci_bus 0000:00: root bus resource [bus 00-3d]
Nov 26 10:04:33 localhost kernel: pci_bus 0000:00: root bus resource [io  0x0000-0x03af window]
Nov 26 10:04:33 localhost kernel: pci_bus 0000:00: root bus resource [io  0x03e0-0x0cf7 window]
Nov 26 10:04:33 localhost kernel: pci_bus 0000:00: root bus resource [io  0x03b0-0x03df window]
Nov 26 10:04:33 localhost kernel: pci_bus 0000:00: root bus resource [io  0x0d00-0x1fff window]
Nov 26 10:04:33 localhost kernel: pci_bus 0000:00: root bus resource [io  0xe000-0xffff window]
Nov 26 10:04:33 localhost kernel: pci_bus 0000:00: root bus resource [mem 0x000a0000-0x000bffff window]
Nov 26 10:04:33 localhost kernel: pci_bus 0000:00: root bus resource [mem 0xd4000000-0xdfffffff window]
Nov 26 10:04:33 localhost kernel: pci_bus 0000:00: root bus resource [mem 0xfed40000-0xfed44fff window]
Nov 26 10:04:33 localhost kernel: pci 0000:00:00.0: [8086:3c00] type 00 class 0x060000
Nov 26 10:04:33 localhost kernel: pci 0000:00:00.0: PME# supported from D0 D3hot D3cold
Nov 26 10:04:33 localhost kernel: pci 0000:00:01.0: [8086:3c02] type 01 class 0x060400
Nov 26 10:04:33 localhost kernel: pci 0000:00:01.0: PME# supported from D0 D3hot D3cold
Nov 26 10:04:33 localhost kernel: pci 0000:00:01.1: [8086:3c03] type 01 class 0x060400
Nov 26 10:04:33 localhost kernel: pci 0000:00:01.1: PME# supported from D0 D3hot D3cold
Nov 26 10:04:33 localhost kernel: pci 0000:00:02.0: [8086:3c04] type 01 class 0x060400
Nov 26 10:04:33 localhost kernel: pci 0000:00:02.0: PME# supported from D0 D3hot D3cold
Nov 26 10:04:33 localhost kernel: pci 0000:00:02.2: [8086:3c06] type 01 class 0x060400
Nov 26 10:04:33 localhost kernel: pci 0000:00:02.2: PME# supported from D0 D3hot D3cold
Nov 26 10:04:33 localhost kernel: pci 0000:00:03.0: [8086:3c08] type 01 class 0x060400
Nov 26 10:04:33 localhost kernel: pci 0000:00:03.0: PME# supported from D0 D3hot D3cold
Nov 26 10:04:33 localhost kernel: pci 0000:00:05.0: [8086:3c28] type 00 class 0x088000
Nov 26 10:04:33 localhost kernel: pci 0000:00:05.2: [8086:3c2a] type 00 class 0x088000
Nov 26 10:04:33 localhost kernel: pci 0000:00:11.0: [8086:1d3e] type 01 class 0x060400
Nov 26 10:04:33 localhost kernel: pci 0000:00:11.0: PME# supported from D0 D3hot D3cold
Nov 26 10:04:33 localhost kernel: pci 0000:00:16.0: [8086:1d3a] type 00 class 0x078000
Nov 26 10:04:33 localhost kernel: pci 0000:00:16.0: reg 0x10: [mem 0xdd8fb000-0xdd8fb00f 64bit]
Nov 26 10:04:33 localhost kernel: pci 0000:00:16.0: PME# supported from D0 D3hot D3cold
Nov 26 10:04:33 localhost kernel: pci 0000:00:16.1: [8086:1d3b] type 00 class 0x078000
Nov 26 10:04:33 localhost kernel: pci 0000:00:16.1: reg 0x10: [mem 0xdd8fc000-0xdd8fc00f 64bit]
Nov 26 10:04:33 localhost kernel: pci 0000:00:16.1: PME# supported from D0 D3hot D3cold
Nov 26 10:04:33 localhost kernel: pci 0000:00:1a.0: [8086:1d2d] type 00 class 0x0c0320
Nov 26 10:04:33 localhost kernel: pci 0000:00:1a.0: reg 0x10: [mem 0xdd8fd000-0xdd8fd3ff]
Nov 26 10:04:33 localhost kernel: pci 0000:00:1a.0: PME# supported from D0 D3hot D3cold
Nov 26 10:04:33 localhost kernel: pci 0000:00:1c.0: [8086:1d10] type 01 class 0x060400
Nov 26 10:04:33 localhost kernel: pci 0000:00:1c.0: PME# supported from D0 D3hot D3cold
Nov 26 10:04:33 localhost kernel: pci 0000:00:1c.7: [8086:1d1e] type 01 class 0x060400
Nov 26 10:04:33 localhost kernel: pci 0000:00:1c.7: PME# supported from D0 D3hot D3cold
Nov 26 10:04:33 localhost kernel: pci 0000:00:1d.0: [8086:1d26] type 00 class 0x0c0320
Nov 26 10:04:33 localhost kernel: pci 0000:00:1d.0: reg 0x10: [mem 0xdd8fe000-0xdd8fe3ff]
Nov 26 10:04:33 localhost kernel: pci 0000:00:1d.0: PME# supported from D0 D3hot D3cold
Nov 26 10:04:33 localhost kernel: pci 0000:00:1e.0: [8086:244e] type 01 class 0x060401
Nov 26 10:04:33 localhost kernel: pci 0000:00:1f.0: [8086:1d41] type 00 class 0x060100
Nov 26 10:04:33 localhost kernel: pci 0000:00:1f.2: [8086:1d02] type 00 class 0x010601
Nov 26 10:04:33 localhost kernel: pci 0000:00:1f.2: reg 0x10: [io  0xece8-0xecef]
Nov 26 10:04:33 localhost kernel: pci 0000:00:1f.2: reg 0x14: [io  0xecf8-0xecfb]
Nov 26 10:04:33 localhost kernel: pci 0000:00:1f.2: reg 0x18: [io  0xecf0-0xecf7]
Nov 26 10:04:33 localhost kernel: pci 0000:00:1f.2: reg 0x1c: [io  0xecfc-0xecff]
Nov 26 10:04:33 localhost kernel: pci 0000:00:1f.2: reg 0x20: [io  0xecc0-0xecdf]
Nov 26 10:04:33 localhost kernel: pci 0000:00:1f.2: reg 0x24: [mem 0xdd8ff000-0xdd8ff7ff]
Nov 26 10:04:33 localhost kernel: pci 0000:00:1f.2: PME# supported from D3hot
Nov 26 10:04:33 localhost kernel: pci 0000:02:00.0: [14e4:165f] type 00 class 0x020000
Nov 26 10:04:33 localhost kernel: pci 0000:02:00.0: reg 0x10: [mem 0xd60a0000-0xd60affff 64bit pref]
Nov 26 10:04:33 localhost kernel: pci 0000:02:00.0: reg 0x18: [mem 0xd60b0000-0xd60bffff 64bit pref]
Nov 26 10:04:33 localhost kernel: pci 0000:02:00.0: reg 0x20: [mem 0xd60c0000-0xd60cffff 64bit pref]
Nov 26 10:04:33 localhost kernel: pci 0000:02:00.0: reg 0x30: [mem 0xd8000000-0xd803ffff pref]
Nov 26 10:04:33 localhost kernel: pci 0000:02:00.0: PME# supported from D0 D3hot D3cold
Nov 26 10:04:33 localhost kernel: pci 0000:02:00.1: [14e4:165f] type 00 class 0x020000
Nov 26 10:04:33 localhost kernel: pci 0000:02:00.1: reg 0x10: [mem 0xd60d0000-0xd60dffff 64bit pref]
Nov 26 10:04:33 localhost kernel: pci 0000:02:00.1: reg 0x18: [mem 0xd60e0000-0xd60effff 64bit pref]
Nov 26 10:04:33 localhost kernel: pci 0000:02:00.1: reg 0x20: [mem 0xd60f0000-0xd60fffff 64bit pref]
Nov 26 10:04:33 localhost kernel: pci 0000:02:00.1: reg 0x30: [mem 0xd8000000-0xd803ffff pref]
Nov 26 10:04:33 localhost kernel: pci 0000:02:00.1: PME# supported from D0 D3hot D3cold
Nov 26 10:04:33 localhost kernel: pci 0000:00:01.0: PCI bridge to [bus 02]
Nov 26 10:04:33 localhost kernel: pci 0000:00:01.0:   bridge window [mem 0xd8000000-0xd87fffff]
Nov 26 10:04:33 localhost kernel: pci 0000:00:01.0:   bridge window [mem 0xd6000000-0xd60fffff 64bit pref]
Nov 26 10:04:33 localhost kernel: pci 0000:01:00.0: [14e4:165f] type 00 class 0x020000
Nov 26 10:04:33 localhost kernel: pci 0000:01:00.0: reg 0x10: [mem 0xd61a0000-0xd61affff 64bit pref]
Nov 26 10:04:33 localhost kernel: pci 0000:01:00.0: reg 0x18: [mem 0xd61b0000-0xd61bffff 64bit pref]
Nov 26 10:04:33 localhost kernel: pci 0000:01:00.0: reg 0x20: [mem 0xd61c0000-0xd61cffff 64bit pref]
Nov 26 10:04:33 localhost kernel: pci 0000:01:00.0: reg 0x30: [mem 0xd8800000-0xd883ffff pref]
Nov 26 10:04:33 localhost kernel: pci 0000:01:00.0: PME# supported from D0 D3hot D3cold
Nov 26 10:04:33 localhost kernel: pci 0000:01:00.1: [14e4:165f] type 00 class 0x020000
Nov 26 10:04:33 localhost kernel: pci 0000:01:00.1: reg 0x10: [mem 0xd61d0000-0xd61dffff 64bit pref]
Nov 26 10:04:33 localhost kernel: pci 0000:01:00.1: reg 0x18: [mem 0xd61e0000-0xd61effff 64bit pref]
Nov 26 10:04:33 localhost kernel: pci 0000:01:00.1: reg 0x20: [mem 0xd61f0000-0xd61fffff 64bit pref]
Nov 26 10:04:33 localhost kernel: pci 0000:01:00.1: reg 0x30: [mem 0xd8800000-0xd883ffff pref]
Nov 26 10:04:33 localhost kernel: pci 0000:01:00.1: PME# supported from D0 D3hot D3cold
Nov 26 10:04:33 localhost kernel: pci 0000:00:01.1: PCI bridge to [bus 01]
Nov 26 10:04:33 localhost kernel: pci 0000:00:01.1:   bridge window [mem 0xd8800000-0xd8ffffff]
Nov 26 10:04:33 localhost kernel: pci 0000:00:01.1:   bridge window [mem 0xd6100000-0xd61fffff 64bit pref]
Nov 26 10:04:33 localhost kernel: pci 0000:04:00.0: [15b3:1003] type 00 class 0x028000
Nov 26 10:04:33 localhost kernel: pci 0000:04:00.0: reg 0x10: [mem 0xd9f00000-0xd9ffffff 64bit]
Nov 26 10:04:33 localhost kernel: pci 0000:04:00.0: reg 0x18: [mem 0xd5000000-0xd57fffff 64bit pref]
Nov 26 10:04:33 localhost kernel: pci 0000:04:00.0: reg 0x30: [mem 0xd9000000-0xd90fffff pref]
Nov 26 10:04:33 localhost kernel: pci 0000:00:02.0: PCI bridge to [bus 04]
Nov 26 10:04:33 localhost kernel: pci 0000:00:02.0:   bridge window [mem 0xd9000000-0xd9ffffff]
Nov 26 10:04:33 localhost kernel: pci 0000:00:02.0:   bridge window [mem 0xd5000000-0xd57fffff 64bit pref]
Nov 26 10:04:33 localhost kernel: pci 0000:03:00.0: [1000:0073] type 00 class 0x010400
Nov 26 10:04:33 localhost kernel: pci 0000:03:00.0: reg 0x10: [io  0xfc00-0xfcff]
Nov 26 10:04:33 localhost kernel: pci 0000:03:00.0: reg 0x14: [mem 0xdaffc000-0xdaffffff 64bit]
Nov 26 10:04:33 localhost kernel: pci 0000:03:00.0: reg 0x1c: [mem 0xdaf80000-0xdafbffff 64bit]
Nov 26 10:04:33 localhost kernel: pci 0000:03:00.0: reg 0x30: [mem 0xda000000-0xda01ffff pref]
Nov 26 10:04:33 localhost kernel: pci 0000:03:00.0: supports D1 D2
Nov 26 10:04:33 localhost kernel: pci 0000:00:02.2: PCI bridge to [bus 03]
Nov 26 10:04:33 localhost kernel: pci 0000:00:02.2:   bridge window [io  0xf000-0xffff]
Nov 26 10:04:33 localhost kernel: pci 0000:00:02.2:   bridge window [mem 0xda000000-0xdaffffff]
Nov 26 10:04:33 localhost kernel: pci 0000:05:00.0: [15b3:1003] type 00 class 0x028000
Nov 26 10:04:33 localhost kernel: pci 0000:05:00.0: reg 0x10: [mem 0xdbf00000-0xdbffffff 64bit]
Nov 26 10:04:33 localhost kernel: pci 0000:05:00.0: reg 0x18: [mem 0xd5800000-0xd5ffffff 64bit pref]
Nov 26 10:04:33 localhost kernel: pci 0000:05:00.0: reg 0x30: [mem 0xdb000000-0xdb0fffff pref]
Nov 26 10:04:33 localhost kernel: pci 0000:00:03.0: PCI bridge to [bus 05]
Nov 26 10:04:33 localhost kernel: pci 0000:00:03.0:   bridge window [mem 0xdb000000-0xdbffffff]
Nov 26 10:04:33 localhost kernel: pci 0000:00:03.0:   bridge window [mem 0xd5800000-0xd5ffffff 64bit pref]
Nov 26 10:04:33 localhost kernel: pci 0000:00:11.0: PCI bridge to [bus 06]
Nov 26 10:04:33 localhost kernel: pci 0000:00:1c.0: PCI bridge to [bus 07]
Nov 26 10:04:33 localhost kernel: pci 0000:08:00.0: [1912:0013] type 01 class 0x060400
Nov 26 10:04:33 localhost kernel: pci 0000:08:00.0: PME# supported from D0 D3hot D3cold
Nov 26 10:04:33 localhost kernel: pci 0000:00:1c.7: PCI bridge to [bus 08-0c]
Nov 26 10:04:33 localhost kernel: pci 0000:00:1c.7:   bridge window [mem 0xdc000000-0xdd7fffff]
Nov 26 10:04:33 localhost kernel: pci 0000:00:1c.7:   bridge window [mem 0xd4000000-0xd4ffffff 64bit pref]
Nov 26 10:04:33 localhost kernel: pci 0000:09:00.0: [1912:0013] type 01 class 0x060400
Nov 26 10:04:33 localhost kernel: pci 0000:09:00.0: PME# supported from D0 D3hot D3cold
Nov 26 10:04:33 localhost kernel: pci 0000:09:01.0: [1912:0013] type 01 class 0x060400
Nov 26 10:04:33 localhost kernel: pci 0000:09:01.0: PME# supported from D0 D3hot D3cold
Nov 26 10:04:33 localhost kernel: pci 0000:08:00.0: PCI bridge to [bus 09-0c]
Nov 26 10:04:33 localhost kernel: pci 0000:08:00.0:   bridge window [mem 0xdc000000-0xdd7fffff]
Nov 26 10:04:33 localhost kernel: pci 0000:08:00.0:   bridge window [mem 0xd4000000-0xd4ffffff 64bit pref]
Nov 26 10:04:33 localhost kernel: pci 0000:0a:00.0: [1912:0012] type 01 class 0x060400
Nov 26 10:04:33 localhost kernel: pci 0000:09:00.0: PCI bridge to [bus 0a-0b]
Nov 26 10:04:33 localhost kernel: pci 0000:09:00.0:   bridge window [mem 0xdc000000-0xdcffffff]
Nov 26 10:04:33 localhost kernel: pci 0000:09:00.0:   bridge window [mem 0xd4000000-0xd4ffffff 64bit pref]
Nov 26 10:04:33 localhost kernel: pci 0000:0b:00.0: [102b:0534] type 00 class 0x030000
Nov 26 10:04:33 localhost kernel: pci 0000:0b:00.0: reg 0x10: [mem 0xd4000000-0xd4ffffff pref]
Nov 26 10:04:33 localhost kernel: pci 0000:0b:00.0: reg 0x14: [mem 0xdcffc000-0xdcffffff]
Nov 26 10:04:33 localhost kernel: pci 0000:0b:00.0: reg 0x18: [mem 0xdc000000-0xdc7fffff]
Nov 26 10:04:33 localhost kernel: pci 0000:0a:00.0: PCI bridge to [bus 0b]
Nov 26 10:04:33 localhost kernel: pci 0000:0a:00.0:   bridge window [mem 0xdc000000-0xdcffffff]
Nov 26 10:04:33 localhost kernel: pci 0000:0a:00.0:   bridge window [mem 0xd4000000-0xd4ffffff 64bit pref]
Nov 26 10:04:33 localhost kernel: pci 0000:09:01.0: PCI bridge to [bus 0c]
Nov 26 10:04:33 localhost kernel: pci 0000:09:01.0:   bridge window [mem 0xdd700000-0xdd7fffff]
Nov 26 10:04:33 localhost kernel: pci 0000:00:1e.0: PCI bridge to [bus 0d] (subtractive decode)
Nov 26 10:04:33 localhost kernel: pci 0000:00:1e.0:   bridge window [io  0x0000-0x03af window] (subtractive decode)
Nov 26 10:04:33 localhost kernel: pci 0000:00:1e.0:   bridge window [io  0x03e0-0x0cf7 window] (subtractive decode)
Nov 26 10:04:33 localhost kernel: pci 0000:00:1e.0:   bridge window [io  0x03b0-0x03df window] (subtractive decode)
Nov 26 10:04:33 localhost kernel: pci 0000:00:1e.0:   bridge window [io  0x0d00-0x1fff window] (subtractive decode)
Nov 26 10:04:33 localhost kernel: pci 0000:00:1e.0:   bridge window [io  0xe000-0xffff window] (subtractive decode)
Nov 26 10:04:33 localhost kernel: pci 0000:00:1e.0:   bridge window [mem 0x000a0000-0x000bffff window] (subtractive decode)
Nov 26 10:04:33 localhost kernel: pci 0000:00:1e.0:   bridge window [mem 0xd4000000-0xdfffffff window] (subtractive decode)
Nov 26 10:04:33 localhost kernel: pci 0000:00:1e.0:   bridge window [mem 0xfed40000-0xfed44fff window] (subtractive decode)
Nov 26 10:04:33 localhost kernel: pci_bus 0000:00: on NUMA node 0
Nov 26 10:04:33 localhost kernel: ACPI: PCI Root Bridge [PCI1] (domain 0000 [bus 40-7e])
Nov 26 10:04:33 localhost kernel: acpi PNP0A08:01: _OSC: OS supports [ExtendedConfig ASPM ClockPM Segments MSI]
Nov 26 10:04:33 localhost kernel: acpi PNP0A08:01: PCIe AER handled by firmware
Nov 26 10:04:33 localhost kernel: acpi PNP0A08:01: _OSC: OS now controls [PCIeHotplug PME PCIeCapability]
Nov 26 10:04:33 localhost kernel: acpi PNP0A08:01: FADT indicates ASPM is unsupported, using BIOS configuration
Nov 26 10:04:33 localhost kernel: PCI host bridge to bus 0000:40
Nov 26 10:04:33 localhost kernel: pci_bus 0000:40: root bus resource [bus 40-7e]
Nov 26 10:04:33 localhost kernel: pci_bus 0000:40: root bus resource [io  0x2000-0x3fff window]
Nov 26 10:04:33 localhost kernel: pci_bus 0000:40: root bus resource [io  0x4000-0x5fff window]
Nov 26 10:04:33 localhost kernel: pci_bus 0000:40: root bus resource [io  0x6000-0x7fff window]
Nov 26 10:04:33 localhost kernel: pci_bus 0000:40: root bus resource [io  0x8000-0x9fff window]
Nov 26 10:04:33 localhost kernel: pci_bus 0000:40: root bus resource [io  0xa000-0xbfff window]
Nov 26 10:04:33 localhost kernel: pci_bus 0000:40: root bus resource [io  0xc000-0xdfff window]
Nov 26 10:04:33 localhost kernel: pci 0000:40:05.0: [8086:3c28] type 00 class 0x088000
Nov 26 10:04:33 localhost kernel: pci 0000:40:05.2: [8086:3c2a] type 00 class 0x088000
Nov 26 10:04:33 localhost kernel: pci_bus 0000:40: on NUMA node 1
Nov 26 10:04:33 localhost kernel: ACPI: PCI Root Bridge [P0B1] (domain 0000 [bus 3f])
Nov 26 10:04:33 localhost kernel: acpi PNP0A08:02: _OSC: OS supports [ExtendedConfig ASPM ClockPM Segments MSI]
Nov 26 10:04:33 localhost kernel: acpi PNP0A08:02: PCIe AER handled by firmware
Nov 26 10:04:33 localhost kernel: acpi PNP0A08:02: _OSC: OS now controls [PCIeHotplug PME PCIeCapability]
Nov 26 10:04:33 localhost kernel: acpi PNP0A08:02: FADT indicates ASPM is unsupported, using BIOS configuration
Nov 26 10:04:33 localhost kernel: PCI host bridge to bus 0000:3f
Nov 26 10:04:33 localhost kernel: pci_bus 0000:3f: root bus resource [bus 3f]
Nov 26 10:04:33 localhost kernel: pci 0000:3f:08.0: [8086:3c80] type 00 class 0x088000
Nov 26 10:04:33 localhost kernel: pci 0000:3f:09.0: [8086:3c90] type 00 class 0x088000
Nov 26 10:04:33 localhost kernel: pci 0000:3f:0a.0: [8086:3cc0] type 00 class 0x088000
Nov 26 10:04:33 localhost kernel: pci 0000:3f:0a.1: [8086:3cc1] type 00 class 0x088000
Nov 26 10:04:33 localhost kernel: pci 0000:3f:0a.2: [8086:3cc2] type 00 class 0x088000
Nov 26 10:04:33 localhost kernel: pci 0000:3f:0a.3: [8086:3cd0] type 00 class 0x088000
Nov 26 10:04:33 localhost kernel: pci 0000:3f:0b.0: [8086:3ce0] type 00 class 0x088000
Nov 26 10:04:33 localhost kernel: pci 0000:3f:0b.3: [8086:3ce3] type 00 class 0x088000
Nov 26 10:04:33 localhost kernel: pci 0000:3f:0c.0: [8086:3ce8] type 00 class 0x088000
Nov 26 10:04:33 localhost kernel: pci 0000:3f:0c.1: [8086:3ce8] type 00 class 0x088000
Nov 26 10:04:33 localhost kernel: pci 0000:3f:0c.2: [8086:3ce8] type 00 class 0x088000
Nov 26 10:04:33 localhost kernel: pci 0000:3f:0c.6: [8086:3cf4] type 00 class 0x088000
Nov 26 10:04:33 localhost kernel: pci 0000:3f:0c.7: [8086:3cf6] type 00 class 0x088000
Nov 26 10:04:33 localhost kernel: pci 0000:3f:0d.0: [8086:3ce8] type 00 class 0x088000
Nov 26 10:04:33 localhost kernel: pci 0000:3f:0d.1: [8086:3ce8] type 00 class 0x088000
Nov 26 10:04:33 localhost kernel: pci 0000:3f:0d.2: [8086:3ce8] type 00 class 0x088000
Nov 26 10:04:33 localhost kernel: pci 0000:3f:0d.6: [8086:3cf5] type 00 class 0x088000
Nov 26 10:04:33 localhost kernel: pci 0000:3f:0e.0: [8086:3ca0] type 00 class 0x088000
Nov 26 10:04:33 localhost kernel: pci 0000:3f:0e.1: [8086:3c46] type 00 class 0x110100
Nov 26 10:04:33 localhost kernel: pci 0000:3f:0f.0: [8086:3ca8] type 00 class 0x088000
Nov 26 10:04:33 localhost kernel: pci 0000:3f:0f.1: [8086:3c71] type 00 class 0x088000
Nov 26 10:04:33 localhost kernel: pci 0000:3f:0f.2: [8086:3caa] type 00 class 0x088000
Nov 26 10:04:33 localhost kernel: pci 0000:3f:0f.3: [8086:3cab] type 00 class 0x088000
Nov 26 10:04:33 localhost kernel: pci 0000:3f:0f.4: [8086:3cac] type 00 class 0x088000
Nov 26 10:04:33 localhost kernel: pci 0000:3f:0f.5: [8086:3cad] type 00 class 0x088000
Nov 26 10:04:33 localhost kernel: pci 0000:3f:0f.6: [8086:3cae] type 00 class 0x088000
Nov 26 10:04:33 localhost kernel: pci 0000:3f:10.0: [8086:3cb0] type 00 class 0x088000
Nov 26 10:04:33 localhost kernel: pci 0000:3f:10.1: [8086:3cb1] type 00 class 0x088000
Nov 26 10:04:33 localhost kernel: pci 0000:3f:10.2: [8086:3cb2] type 00 class 0x088000
Nov 26 10:04:33 localhost kernel: pci 0000:3f:10.3: [8086:3cb3] type 00 class 0x088000
Nov 26 10:04:33 localhost kernel: pci 0000:3f:10.4: [8086:3cb4] type 00 class 0x088000
Nov 26 10:04:33 localhost kernel: pci 0000:3f:10.5: [8086:3cb5] type 00 class 0x088000
Nov 26 10:04:33 localhost kernel: pci 0000:3f:10.6: [8086:3cb6] type 00 class 0x088000
Nov 26 10:04:33 localhost kernel: pci 0000:3f:10.7: [8086:3cb7] type 00 class 0x088000
Nov 26 10:04:33 localhost kernel: pci 0000:3f:11.0: [8086:3cb8] type 00 class 0x088000
Nov 26 10:04:33 localhost kernel: pci 0000:3f:13.0: [8086:3ce4] type 00 class 0x088000
Nov 26 10:04:33 localhost kernel: pci 0000:3f:13.1: [8086:3c43] type 00 class 0x110100
Nov 26 10:04:33 localhost kernel: pci 0000:3f:13.4: [8086:3ce6] type 00 class 0x110100
Nov 26 10:04:33 localhost kernel: pci 0000:3f:13.5: [8086:3c44] type 00 class 0x110100
Nov 26 10:04:33 localhost kernel: pci 0000:3f:13.6: [8086:3c45] type 00 class 0x088000
Nov 26 10:04:33 localhost kernel: pci_bus 0000:3f: on NUMA node 0
Nov 26 10:04:33 localhost kernel: ACPI: PCI Root Bridge [P1B1] (domain 0000 [bus 7f])
Nov 26 10:04:33 localhost kernel: acpi PNP0A08:03: _OSC: OS supports [ExtendedConfig ASPM ClockPM Segments MSI]
Nov 26 10:04:33 localhost kernel: acpi PNP0A08:03: PCIe AER handled by firmware
Nov 26 10:04:33 localhost kernel: acpi PNP0A08:03: _OSC: OS now controls [PCIeHotplug PME PCIeCapability]
Nov 26 10:04:33 localhost kernel: acpi PNP0A08:03: FADT indicates ASPM is unsupported, using BIOS configuration
Nov 26 10:04:33 localhost kernel: PCI host bridge to bus 0000:7f
Nov 26 10:04:33 localhost kernel: pci_bus 0000:7f: root bus resource [bus 7f]
Nov 26 10:04:33 localhost kernel: pci 0000:7f:08.0: [8086:3c80] type 00 class 0x088000
Nov 26 10:04:33 localhost kernel: pci 0000:7f:09.0: [8086:3c90] type 00 class 0x088000
Nov 26 10:04:33 localhost kernel: pci 0000:7f:0a.0: [8086:3cc0] type 00 class 0x088000
Nov 26 10:04:33 localhost kernel: pci 0000:7f:0a.1: [8086:3cc1] type 00 class 0x088000
Nov 26 10:04:33 localhost kernel: pci 0000:7f:0a.2: [8086:3cc2] type 00 class 0x088000
Nov 26 10:04:33 localhost kernel: pci 0000:7f:0a.3: [8086:3cd0] type 00 class 0x088000
Nov 26 10:04:33 localhost kernel: pci 0000:7f:0b.0: [8086:3ce0] type 00 class 0x088000
Nov 26 10:04:33 localhost kernel: pci 0000:7f:0b.3: [8086:3ce3] type 00 class 0x088000
Nov 26 10:04:33 localhost kernel: pci 0000:7f:0c.0: [8086:3ce8] type 00 class 0x088000
Nov 26 10:04:33 localhost kernel: pci 0000:7f:0c.1: [8086:3ce8] type 00 class 0x088000
Nov 26 10:04:33 localhost kernel: pci 0000:7f:0c.2: [8086:3ce8] type 00 class 0x088000
Nov 26 10:04:33 localhost kernel: pci 0000:7f:0c.6: [8086:3cf4] type 00 class 0x088000
Nov 26 10:04:33 localhost kernel: pci 0000:7f:0c.7: [8086:3cf6] type 00 class 0x088000
Nov 26 10:04:33 localhost kernel: pci 0000:7f:0d.0: [8086:3ce8] type 00 class 0x088000
Nov 26 10:04:33 localhost kernel: pci 0000:7f:0d.1: [8086:3ce8] type 00 class 0x088000
Nov 26 10:04:33 localhost kernel: pci 0000:7f:0d.2: [8086:3ce8] type 00 class 0x088000
Nov 26 10:04:33 localhost kernel: pci 0000:7f:0d.6: [8086:3cf5] type 00 class 0x088000
Nov 26 10:04:33 localhost kernel: pci 0000:7f:0e.0: [8086:3ca0] type 00 class 0x088000
Nov 26 10:04:33 localhost kernel: pci 0000:7f:0e.1: [8086:3c46] type 00 class 0x110100
Nov 26 10:04:33 localhost kernel: pci 0000:7f:0f.0: [8086:3ca8] type 00 class 0x088000
Nov 26 10:04:33 localhost kernel: pci 0000:7f:0f.1: [8086:3c71] type 00 class 0x088000
Nov 26 10:04:33 localhost kernel: pci 0000:7f:0f.2: [8086:3caa] type 00 class 0x088000
Nov 26 10:04:33 localhost kernel: pci 0000:7f:0f.3: [8086:3cab] type 00 class 0x088000
Nov 26 10:04:33 localhost kernel: pci 0000:7f:0f.4: [8086:3cac] type 00 class 0x088000
Nov 26 10:04:33 localhost kernel: pci 0000:7f:0f.5: [8086:3cad] type 00 class 0x088000
Nov 26 10:04:33 localhost kernel: pci 0000:7f:0f.6: [8086:3cae] type 00 class 0x088000
Nov 26 10:04:33 localhost kernel: pci 0000:7f:10.0: [8086:3cb0] type 00 class 0x088000
Nov 26 10:04:33 localhost kernel: pci 0000:7f:10.1: [8086:3cb1] type 00 class 0x088000
Nov 26 10:04:33 localhost kernel: pci 0000:7f:10.2: [8086:3cb2] type 00 class 0x088000
Nov 26 10:04:33 localhost kernel: pci 0000:7f:10.3: [8086:3cb3] type 00 class 0x088000
Nov 26 10:04:33 localhost kernel: pci 0000:7f:10.4: [8086:3cb4] type 00 class 0x088000
Nov 26 10:04:33 localhost kernel: pci 0000:7f:10.5: [8086:3cb5] type 00 class 0x088000
Nov 26 10:04:33 localhost kernel: pci 0000:7f:10.6: [8086:3cb6] type 00 class 0x088000
Nov 26 10:04:33 localhost kernel: pci 0000:7f:10.7: [8086:3cb7] type 00 class 0x088000
Nov 26 10:04:33 localhost kernel: pci 0000:7f:11.0: [8086:3cb8] type 00 class 0x088000
Nov 26 10:04:33 localhost kernel: pci 0000:7f:13.0: [8086:3ce4] type 00 class 0x088000
Nov 26 10:04:33 localhost kernel: pci 0000:7f:13.1: [8086:3c43] type 00 class 0x110100
Nov 26 10:04:33 localhost kernel: pci 0000:7f:13.4: [8086:3ce6] type 00 class 0x110100
Nov 26 10:04:33 localhost kernel: pci 0000:7f:13.5: [8086:3c44] type 00 class 0x110100
Nov 26 10:04:33 localhost kernel: pci 0000:7f:13.6: [8086:3c45] type 00 class 0x088000
Nov 26 10:04:33 localhost kernel: pci_bus 0000:7f: on NUMA node 1
Nov 26 10:04:33 localhost kernel: ACPI: PCI Interrupt Link [LK00] (IRQs 3 4 5 6 7 11 14 *15)
Nov 26 10:04:33 localhost kernel: ACPI: PCI Interrupt Link [LK01] (IRQs 3 4 5 6 7 11 *14 15)
Nov 26 10:04:33 localhost kernel: ACPI: PCI Interrupt Link [LK02] (IRQs 3 4 5 6 7 11 14 15) *0, disabled.
Nov 26 10:04:33 localhost kernel: ACPI: PCI Interrupt Link [LK03] (IRQs 3 4 5 6 7 *11 14 15)
Nov 26 10:04:33 localhost kernel: ACPI: PCI Interrupt Link [LK04] (IRQs 3 4 *5 6 7 11 14 15)
Nov 26 10:04:33 localhost kernel: ACPI: PCI Interrupt Link [LK05] (IRQs 3 4 5 6 7 11 14 15) *0, disabled.
Nov 26 10:04:33 localhost kernel: ACPI: PCI Interrupt Link [LK06] (IRQs 3 4 5 *6 7 11 14 15)
Nov 26 10:04:33 localhost kernel: ACPI: PCI Interrupt Link [LK07] (IRQs 3 4 5 6 7 11 *14 15)
Nov 26 10:04:33 localhost kernel: ACPI: Enabled 3 GPEs in block 00 to 3F
Nov 26 10:04:33 localhost kernel: vgaarb: device added: PCI:0000:0b:00.0,decodes=io+mem,owns=io+mem,locks=none
Nov 26 10:04:33 localhost kernel: vgaarb: loaded
Nov 26 10:04:33 localhost kernel: vgaarb: bridge control possible 0000:0b:00.0
Nov 26 10:04:33 localhost kernel: SCSI subsystem initialized
Nov 26 10:04:33 localhost kernel: ACPI: bus type USB registered
Nov 26 10:04:33 localhost kernel: usbcore: registered new interface driver usbfs
Nov 26 10:04:33 localhost kernel: usbcore: registered new interface driver hub
Nov 26 10:04:33 localhost kernel: usbcore: registered new device driver usb
Nov 26 10:04:33 localhost kernel: PCI: Using ACPI for IRQ routing
Nov 26 10:04:33 localhost kernel: PCI: pci_cache_line_size set to 64 bytes
Nov 26 10:04:33 localhost kernel: e820: reserve RAM buffer [mem 0x0009c000-0x0009ffff]
Nov 26 10:04:33 localhost kernel: e820: reserve RAM buffer [mem 0xcb2e0000-0xcbffffff]
Nov 26 10:04:33 localhost kernel: NetLabel: Initializing
Nov 26 10:04:33 localhost kernel: NetLabel:  domain hash size = 128
Nov 26 10:04:33 localhost kernel: NetLabel:  protocols = UNLABELED CIPSOv4
Nov 26 10:04:33 localhost kernel: NetLabel:  unlabeled traffic allowed by default
Nov 26 10:04:33 localhost kernel: hpet0: at MMIO 0xfed00000, IRQs 2, 8, 0, 0, 0, 0, 0, 0
Nov 26 10:04:33 localhost kernel: hpet0: 8 comparators, 64-bit 14.318180 MHz counter
Nov 26 10:04:33 localhost kernel: amd_nb: Cannot enumerate AMD northbridges
Nov 26 10:04:33 localhost kernel: Switched to clocksource hpet
Nov 26 10:04:33 localhost kernel: pnp: PnP ACPI init
Nov 26 10:04:33 localhost kernel: ACPI: bus type PNP registered
Nov 26 10:04:33 localhost kernel: system 00:00: Plug and Play ACPI device, IDs PNP0c01 (active)
Nov 26 10:04:33 localhost kernel: pnp 00:01: Plug and Play ACPI device, IDs PNP0b00 (active)
Nov 26 10:04:33 localhost kernel: pnp 00:02: Plug and Play ACPI device, IDs PNP0501 (active)
Nov 26 10:04:33 localhost kernel: pnp 00:03: Plug and Play ACPI device, IDs PNP0501 (active)
Nov 26 10:04:33 localhost kernel: system 00:04: [io  0x0800-0x087f] could not be reserved
Nov 26 10:04:33 localhost kernel: system 00:04: [io  0x0880-0x08ff] has been reserved
Nov 26 10:04:33 localhost kernel: system 00:04: [io  0x0900-0x091f] has been reserved
Nov 26 10:04:33 localhost kernel: system 00:04: [io  0x0920-0x0923] has been reserved
Nov 26 10:04:33 localhost kernel: system 00:04: [io  0x0924] has been reserved
Nov 26 10:04:33 localhost kernel: system 00:04: [io  0x0370-0x0377] has been reserved
Nov 26 10:04:33 localhost kernel: system 00:04: [io  0x0ca0-0x0ca7] has been reserved
Nov 26 10:04:33 localhost kernel: system 00:04: [io  0x0ca9-0x0cab] has been reserved
Nov 26 10:04:33 localhost kernel: system 00:04: [io  0x0cad-0x0caf] has been reserved
Nov 26 10:04:33 localhost kernel: system 00:04: [io  0x0cb0-0x0cbf] has been reserved
Nov 26 10:04:33 localhost kernel: system 00:04: Plug and Play ACPI device, IDs PNP0c01 (active)
Nov 26 10:04:33 localhost kernel: system 00:05: [io  0x0ca8] has been reserved
Nov 26 10:04:33 localhost kernel: system 00:05: [io  0x0cac] has been reserved
Nov 26 10:04:33 localhost kernel: system 00:05: Plug and Play ACPI device, IDs IPI0001 PNP0c01 (active)
Nov 26 10:04:33 localhost kernel: system 00:06: [mem 0xe0000000-0xe3efffff] has been reserved
Nov 26 10:04:33 localhost kernel: system 00:06: Plug and Play ACPI device, IDs PNP0c02 (active)
Nov 26 10:04:33 localhost kernel: system 00:07: [mem 0xe4000000-0xe7ffffff] has been reserved
Nov 26 10:04:33 localhost kernel: system 00:07: Plug and Play ACPI device, IDs PNP0c02 (active)
Nov 26 10:04:33 localhost kernel: system 00:08: [mem 0xe3f00000-0xe3ffffff] has been reserved
Nov 26 10:04:33 localhost kernel: system 00:08: Plug and Play ACPI device, IDs PNP0c02 (active)
Nov 26 10:04:33 localhost kernel: system 00:09: [mem 0x00000000-0x00001fff] could not be reserved
Nov 26 10:04:33 localhost kernel: system 00:09: Plug and Play ACPI device, IDs PNP0c02 (active)
Nov 26 10:04:33 localhost kernel: pnp: PnP ACPI: found 10 devices
Nov 26 10:04:33 localhost kernel: ACPI: bus type PNP unregistered
Nov 26 10:04:33 localhost kernel: pci 0000:02:00.1: can't claim BAR 6 [mem 0xd8000000-0xd803ffff pref]: address conflict with 0000:02:00.0 [mem 0xd8000000-0xd803ffff pref]
Nov 26 10:04:33 localhost kernel: pci 0000:01:00.1: can't claim BAR 6 [mem 0xd8800000-0xd883ffff pref]: address conflict with 0000:01:00.0 [mem 0xd8800000-0xd883ffff pref]
Nov 26 10:04:33 localhost kernel: pci 0000:02:00.1: BAR 6: assigned [mem 0xd8040000-0xd807ffff pref]
Nov 26 10:04:33 localhost kernel: pci 0000:00:01.0: PCI bridge to [bus 02]
Nov 26 10:04:33 localhost kernel: pci 0000:00:01.0:   bridge window [mem 0xd8000000-0xd87fffff]
Nov 26 10:04:33 localhost kernel: pci 0000:00:01.0:   bridge window [mem 0xd6000000-0xd60fffff 64bit pref]
Nov 26 10:04:33 localhost kernel: pci 0000:01:00.1: BAR 6: assigned [mem 0xd8840000-0xd887ffff pref]
Nov 26 10:04:33 localhost kernel: pci 0000:00:01.1: PCI bridge to [bus 01]
Nov 26 10:04:33 localhost kernel: pci 0000:00:01.1:   bridge window [mem 0xd8800000-0xd8ffffff]
Nov 26 10:04:33 localhost kernel: pci 0000:00:01.1:   bridge window [mem 0xd6100000-0xd61fffff 64bit pref]
Nov 26 10:04:33 localhost kernel: pci 0000:00:02.0: PCI bridge to [bus 04]
Nov 26 10:04:33 localhost kernel: pci 0000:00:02.0:   bridge window [mem 0xd9000000-0xd9ffffff]
Nov 26 10:04:33 localhost kernel: pci 0000:00:02.0:   bridge window [mem 0xd5000000-0xd57fffff 64bit pref]
Nov 26 10:04:33 localhost kernel: pci 0000:00:02.2: PCI bridge to [bus 03]
Nov 26 10:04:33 localhost kernel: pci 0000:00:02.2:   bridge window [io  0xf000-0xffff]
Nov 26 10:04:33 localhost kernel: pci 0000:00:02.2:   bridge window [mem 0xda000000-0xdaffffff]
Nov 26 10:04:33 localhost kernel: pci 0000:00:03.0: PCI bridge to [bus 05]
Nov 26 10:04:33 localhost kernel: pci 0000:00:03.0:   bridge window [mem 0xdb000000-0xdbffffff]
Nov 26 10:04:33 localhost kernel: pci 0000:00:03.0:   bridge window [mem 0xd5800000-0xd5ffffff 64bit pref]
Nov 26 10:04:33 localhost kernel: pci 0000:00:11.0: PCI bridge to [bus 06]
Nov 26 10:04:33 localhost kernel: pci 0000:00:1c.0: PCI bridge to [bus 07]
Nov 26 10:04:33 localhost kernel: pci 0000:0a:00.0: PCI bridge to [bus 0b]
Nov 26 10:04:33 localhost kernel: pci 0000:0a:00.0:   bridge window [mem 0xdc000000-0xdcffffff]
Nov 26 10:04:33 localhost kernel: pci 0000:0a:00.0:   bridge window [mem 0xd4000000-0xd4ffffff 64bit pref]
Nov 26 10:04:33 localhost kernel: pci 0000:09:00.0: PCI bridge to [bus 0a-0b]
Nov 26 10:04:33 localhost kernel: pci 0000:09:00.0:   bridge window [mem 0xdc000000-0xdcffffff]
Nov 26 10:04:33 localhost kernel: pci 0000:09:00.0:   bridge window [mem 0xd4000000-0xd4ffffff 64bit pref]
Nov 26 10:04:33 localhost kernel: pci 0000:09:01.0: PCI bridge to [bus 0c]
Nov 26 10:04:33 localhost kernel: pci 0000:09:01.0:   bridge window [mem 0xdd700000-0xdd7fffff]
Nov 26 10:04:33 localhost kernel: pci 0000:08:00.0: PCI bridge to [bus 09-0c]
Nov 26 10:04:33 localhost kernel: pci 0000:08:00.0:   bridge window [mem 0xdc000000-0xdd7fffff]
Nov 26 10:04:33 localhost kernel: pci 0000:08:00.0:   bridge window [mem 0xd4000000-0xd4ffffff 64bit pref]
Nov 26 10:04:33 localhost kernel: pci 0000:00:1c.7: PCI bridge to [bus 08-0c]
Nov 26 10:04:33 localhost kernel: pci 0000:00:1c.7:   bridge window [mem 0xdc000000-0xdd7fffff]
Nov 26 10:04:33 localhost kernel: pci 0000:00:1c.7:   bridge window [mem 0xd4000000-0xd4ffffff 64bit pref]
Nov 26 10:04:33 localhost kernel: pci 0000:00:1e.0: PCI bridge to [bus 0d]
Nov 26 10:04:33 localhost kernel: pci_bus 0000:00: resource 4 [io  0x0000-0x03af window]
Nov 26 10:04:33 localhost kernel: pci_bus 0000:00: resource 5 [io  0x03e0-0x0cf7 window]
Nov 26 10:04:33 localhost kernel: pci_bus 0000:00: resource 6 [io  0x03b0-0x03df window]
Nov 26 10:04:33 localhost kernel: pci_bus 0000:00: resource 7 [io  0x0d00-0x1fff window]
Nov 26 10:04:33 localhost kernel: pci_bus 0000:00: resource 8 [io  0xe000-0xffff window]
Nov 26 10:04:33 localhost kernel: pci_bus 0000:00: resource 9 [mem 0x000a0000-0x000bffff window]
Nov 26 10:04:33 localhost kernel: pci_bus 0000:00: resource 10 [mem 0xd4000000-0xdfffffff window]
Nov 26 10:04:33 localhost kernel: pci_bus 0000:00: resource 11 [mem 0xfed40000-0xfed44fff window]
Nov 26 10:04:33 localhost kernel: pci_bus 0000:02: resource 1 [mem 0xd8000000-0xd87fffff]
Nov 26 10:04:33 localhost kernel: pci_bus 0000:02: resource 2 [mem 0xd6000000-0xd60fffff 64bit pref]
Nov 26 10:04:33 localhost kernel: pci_bus 0000:01: resource 1 [mem 0xd8800000-0xd8ffffff]
Nov 26 10:04:33 localhost kernel: pci_bus 0000:01: resource 2 [mem 0xd6100000-0xd61fffff 64bit pref]
Nov 26 10:04:33 localhost kernel: pci_bus 0000:04: resource 1 [mem 0xd9000000-0xd9ffffff]
Nov 26 10:04:33 localhost kernel: pci_bus 0000:04: resource 2 [mem 0xd5000000-0xd57fffff 64bit pref]
Nov 26 10:04:33 localhost kernel: pci_bus 0000:03: resource 0 [io  0xf000-0xffff]
Nov 26 10:04:33 localhost kernel: pci_bus 0000:03: resource 1 [mem 0xda000000-0xdaffffff]
Nov 26 10:04:33 localhost kernel: pci_bus 0000:05: resource 1 [mem 0xdb000000-0xdbffffff]
Nov 26 10:04:33 localhost kernel: pci_bus 0000:05: resource 2 [mem 0xd5800000-0xd5ffffff 64bit pref]
Nov 26 10:04:33 localhost kernel: pci_bus 0000:08: resource 1 [mem 0xdc000000-0xdd7fffff]
Nov 26 10:04:33 localhost kernel: pci_bus 0000:08: resource 2 [mem 0xd4000000-0xd4ffffff 64bit pref]
Nov 26 10:04:33 localhost kernel: pci_bus 0000:09: resource 1 [mem 0xdc000000-0xdd7fffff]
Nov 26 10:04:33 localhost kernel: pci_bus 0000:09: resource 2 [mem 0xd4000000-0xd4ffffff 64bit pref]
Nov 26 10:04:33 localhost kernel: pci_bus 0000:0a: resource 1 [mem 0xdc000000-0xdcffffff]
Nov 26 10:04:33 localhost kernel: pci_bus 0000:0a: resource 2 [mem 0xd4000000-0xd4ffffff 64bit pref]
Nov 26 10:04:33 localhost kernel: pci_bus 0000:0b: resource 1 [mem 0xdc000000-0xdcffffff]
Nov 26 10:04:33 localhost kernel: pci_bus 0000:0b: resource 2 [mem 0xd4000000-0xd4ffffff 64bit pref]
Nov 26 10:04:33 localhost kernel: pci_bus 0000:0c: resource 1 [mem 0xdd700000-0xdd7fffff]
Nov 26 10:04:33 localhost kernel: pci_bus 0000:0d: resource 4 [io  0x0000-0x03af window]
Nov 26 10:04:33 localhost kernel: pci_bus 0000:0d: resource 5 [io  0x03e0-0x0cf7 window]
Nov 26 10:04:33 localhost kernel: pci_bus 0000:0d: resource 6 [io  0x03b0-0x03df window]
Nov 26 10:04:33 localhost kernel: pci_bus 0000:0d: resource 7 [io  0x0d00-0x1fff window]
Nov 26 10:04:33 localhost kernel: pci_bus 0000:0d: resource 8 [io  0xe000-0xffff window]
Nov 26 10:04:33 localhost kernel: pci_bus 0000:0d: resource 9 [mem 0x000a0000-0x000bffff window]
Nov 26 10:04:33 localhost kernel: pci_bus 0000:0d: resource 10 [mem 0xd4000000-0xdfffffff window]
Nov 26 10:04:33 localhost kernel: pci_bus 0000:0d: resource 11 [mem 0xfed40000-0xfed44fff window]
Nov 26 10:04:33 localhost kernel: pci_bus 0000:40: resource 4 [io  0x2000-0x3fff window]
Nov 26 10:04:33 localhost kernel: pci_bus 0000:40: resource 5 [io  0x4000-0x5fff window]
Nov 26 10:04:33 localhost kernel: pci_bus 0000:40: resource 6 [io  0x6000-0x7fff window]
Nov 26 10:04:33 localhost kernel: pci_bus 0000:40: resource 7 [io  0x8000-0x9fff window]
Nov 26 10:04:33 localhost kernel: pci_bus 0000:40: resource 8 [io  0xa000-0xbfff window]
Nov 26 10:04:33 localhost kernel: pci_bus 0000:40: resource 9 [io  0xc000-0xdfff window]
Nov 26 10:04:33 localhost kernel: NET: Registered protocol family 2
Nov 26 10:04:33 localhost kernel: TCP established hash table entries: 524288 (order: 10, 4194304 bytes)
Nov 26 10:04:33 localhost kernel: TCP bind hash table entries: 65536 (order: 8, 1048576 bytes)
Nov 26 10:04:33 localhost kernel: TCP: Hash tables configured (established 524288 bind 65536)
Nov 26 10:04:33 localhost kernel: TCP: reno registered
Nov 26 10:04:33 localhost kernel: UDP hash table entries: 32768 (order: 8, 1048576 bytes)
Nov 26 10:04:33 localhost kernel: UDP-Lite hash table entries: 32768 (order: 8, 1048576 bytes)
Nov 26 10:04:33 localhost kernel: NET: Registered protocol family 1
Nov 26 10:04:33 localhost kernel: pci 0000:03:00.0: [Firmware Bug]: VPD access disabled
Nov 26 10:04:33 localhost kernel: pci 0000:0b:00.0: Boot video device
Nov 26 10:04:33 localhost kernel: PCI: CLS 64 bytes, default 64
Nov 26 10:04:33 localhost kernel: Unpacking initramfs...
Nov 26 10:04:33 localhost kernel: Freeing initrd memory: 47300k freed
Nov 26 10:04:33 localhost kernel: PCI-DMA: Using software bounce buffering for IO (SWIOTLB)
Nov 26 10:04:33 localhost kernel: software IO TLB [mem 0xc72e0000-0xcb2e0000] (64MB) mapped at [ffff8800c72e0000-ffff8800cb2dffff]
Nov 26 10:04:33 localhost kernel: RAPL PMU: API unit is 2^-32 Joules, 3 fixed counters, 163840 ms ovfl timer
Nov 26 10:04:33 localhost kernel: RAPL PMU: hw unit of domain pp0-core 2^-16 Joules
Nov 26 10:04:33 localhost kernel: RAPL PMU: hw unit of domain package 2^-16 Joules
Nov 26 10:04:33 localhost kernel: RAPL PMU: hw unit of domain dram 2^-16 Joules
Nov 26 10:04:33 localhost kernel: sha1_ssse3: Using AVX optimized SHA-1 implementation
Nov 26 10:04:33 localhost kernel: sha256_ssse3: Using AVX optimized SHA-256 implementation
Nov 26 10:04:33 localhost kernel: futex hash table entries: 16384 (order: 8, 1048576 bytes)
Nov 26 10:04:33 localhost kernel: Initialise system trusted keyring
Nov 26 10:04:33 localhost kernel: audit: initializing netlink socket (disabled)
Nov 26 10:04:33 localhost kernel: type=2000 audit(1543226671.730:1): initialized
Nov 26 10:04:33 localhost kernel: HugeTLB registered 1 GB page size, pre-allocated 0 pages
Nov 26 10:04:33 localhost kernel: HugeTLB registered 2 MB page size, pre-allocated 0 pages
Nov 26 10:04:33 localhost kernel: zpool: loaded
Nov 26 10:04:33 localhost kernel: zbud: loaded
Nov 26 10:04:33 localhost kernel: VFS: Disk quotas dquot_6.5.2
Nov 26 10:04:33 localhost kernel: Dquot-cache hash table entries: 512 (order 0, 4096 bytes)
Nov 26 10:04:33 localhost kernel: msgmni has been set to 32768
Nov 26 10:04:33 localhost kernel: Key type big_key registered
Nov 26 10:04:33 localhost kernel: SELinux:  Registering netfilter hooks
Nov 26 10:04:33 localhost kernel: NET: Registered protocol family 38
Nov 26 10:04:33 localhost kernel: Key type asymmetric registered
Nov 26 10:04:33 localhost kernel: Asymmetric key parser 'x509' registered
Nov 26 10:04:33 localhost kernel: Block layer SCSI generic (bsg) driver version 0.4 loaded (major 250)
Nov 26 10:04:33 localhost kernel: io scheduler noop registered
Nov 26 10:04:33 localhost kernel: io scheduler deadline registered (default)
Nov 26 10:04:33 localhost kernel: io scheduler cfq registered
Nov 26 10:04:33 localhost kernel: pcieport 0000:00:01.0: irq 25 for MSI/MSI-X
Nov 26 10:04:33 localhost kernel: pcieport 0000:00:01.1: irq 26 for MSI/MSI-X
Nov 26 10:04:33 localhost kernel: pcieport 0000:00:02.0: irq 27 for MSI/MSI-X
Nov 26 10:04:33 localhost kernel: pcieport 0000:00:02.2: irq 28 for MSI/MSI-X
Nov 26 10:04:33 localhost kernel: pcieport 0000:00:03.0: irq 29 for MSI/MSI-X
Nov 26 10:04:33 localhost kernel: pcieport 0000:00:11.0: irq 30 for MSI/MSI-X
Nov 26 10:04:33 localhost kernel: pcieport 0000:00:1c.0: irq 31 for MSI/MSI-X
Nov 26 10:04:33 localhost kernel: pcieport 0000:00:1c.7: irq 32 for MSI/MSI-X
Nov 26 10:04:33 localhost kernel: pcieport 0000:00:01.0: Signaling PME through PCIe PME interrupt
Nov 26 10:04:33 localhost kernel: pci 0000:02:00.0: Signaling PME through PCIe PME interrupt
Nov 26 10:04:33 localhost kernel: pci 0000:02:00.1: Signaling PME through PCIe PME interrupt
Nov 26 10:04:33 localhost kernel: pcie_pme 0000:00:01.0:pcie01: service driver pcie_pme loaded
Nov 26 10:04:33 localhost kernel: pcieport 0000:00:01.1: Signaling PME through PCIe PME interrupt
Nov 26 10:04:33 localhost kernel: pci 0000:01:00.0: Signaling PME through PCIe PME interrupt
Nov 26 10:04:33 localhost kernel: pci 0000:01:00.1: Signaling PME through PCIe PME interrupt
Nov 26 10:04:33 localhost kernel: pcie_pme 0000:00:01.1:pcie01: service driver pcie_pme loaded
Nov 26 10:04:33 localhost kernel: pcieport 0000:00:02.0: Signaling PME through PCIe PME interrupt
Nov 26 10:04:33 localhost kernel: pci 0000:04:00.0: Signaling PME through PCIe PME interrupt
Nov 26 10:04:33 localhost kernel: pcie_pme 0000:00:02.0:pcie01: service driver pcie_pme loaded
Nov 26 10:04:33 localhost kernel: pcieport 0000:00:02.2: Signaling PME through PCIe PME interrupt
Nov 26 10:04:33 localhost kernel: pci 0000:03:00.0: Signaling PME through PCIe PME interrupt
Nov 26 10:04:33 localhost kernel: pcie_pme 0000:00:02.2:pcie01: service driver pcie_pme loaded
Nov 26 10:04:33 localhost kernel: pcieport 0000:00:03.0: Signaling PME through PCIe PME interrupt
Nov 26 10:04:33 localhost kernel: pci 0000:05:00.0: Signaling PME through PCIe PME interrupt
Nov 26 10:04:33 localhost kernel: pcie_pme 0000:00:03.0:pcie01: service driver pcie_pme loaded
Nov 26 10:04:33 localhost kernel: pcieport 0000:00:11.0: Signaling PME through PCIe PME interrupt
Nov 26 10:04:33 localhost kernel: pcie_pme 0000:00:11.0:pcie01: service driver pcie_pme loaded
Nov 26 10:04:33 localhost kernel: pcieport 0000:00:1c.0: Signaling PME through PCIe PME interrupt
Nov 26 10:04:33 localhost kernel: pcie_pme 0000:00:1c.0:pcie01: service driver pcie_pme loaded
Nov 26 10:04:33 localhost kernel: pcieport 0000:00:1c.7: Signaling PME through PCIe PME interrupt
Nov 26 10:04:33 localhost kernel: pcieport 0000:08:00.0: Signaling PME through PCIe PME interrupt
Nov 26 10:04:33 localhost kernel: pcieport 0000:09:00.0: Signaling PME through PCIe PME interrupt
Nov 26 10:04:33 localhost kernel: pci 0000:0a:00.0: Signaling PME through PCIe PME interrupt
Nov 26 10:04:33 localhost kernel: pci 0000:0b:00.0: Signaling PME through PCIe PME interrupt
Nov 26 10:04:33 localhost kernel: pcieport 0000:09:01.0: Signaling PME through PCIe PME interrupt
Nov 26 10:04:33 localhost kernel: pcie_pme 0000:00:1c.7:pcie01: service driver pcie_pme loaded
Nov 26 10:04:33 localhost kernel: pci_hotplug: PCI Hot Plug PCI Core version: 0.5
Nov 26 10:04:33 localhost kernel: pciehp: PCI Express Hot Plug Controller Driver version: 0.4
Nov 26 10:04:33 localhost kernel: intel_idle: does not run on family 6 model 45
Nov 26 10:04:33 localhost kernel: input: Power Button as /devices/LNXSYSTM:00/LNXPWRBN:00/input/input0
Nov 26 10:04:33 localhost kernel: ACPI: Power Button [PWRF]
Nov 26 10:04:33 localhost kernel: ERST: Error Record Serialization Table (ERST) support is initialized.
Nov 26 10:04:33 localhost kernel: pstore: Registered erst as persistent store backend
Nov 26 10:04:33 localhost kernel: GHES: APEI firmware first mode is enabled by APEI bit and WHEA _OSC.
Nov 26 10:04:33 localhost kernel: Serial: 8250/16550 driver, 4 ports, IRQ sharing enabled
Nov 26 10:04:33 localhost kernel: 00:02: ttyS0 at I/O 0x3f8 (irq = 4) is a 16550A
Nov 26 10:04:33 localhost kernel: 00:03: ttyS1 at I/O 0x2f8 (irq = 3) is a 16550A
Nov 26 10:04:33 localhost kernel: Non-volatile memory driver v1.3
Nov 26 10:04:33 localhost kernel: Linux agpgart interface v0.103
Nov 26 10:04:33 localhost kernel: crash memory driver: version 1.1
Nov 26 10:04:33 localhost kernel: rdac: device handler registered
Nov 26 10:04:33 localhost kernel: hp_sw: device handler registered
Nov 26 10:04:33 localhost kernel: emc: device handler registered
Nov 26 10:04:33 localhost kernel: alua: device handler registered
Nov 26 10:04:33 localhost kernel: libphy: Fixed MDIO Bus: probed
Nov 26 10:04:33 localhost kernel: ehci_hcd: USB 2.0 'Enhanced' Host Controller (EHCI) Driver
Nov 26 10:04:33 localhost kernel: ehci-pci: EHCI PCI platform driver
Nov 26 10:04:33 localhost kernel: ehci-pci 0000:00:1a.0: EHCI Host Controller
Nov 26 10:04:33 localhost kernel: ehci-pci 0000:00:1a.0: new USB bus registered, assigned bus number 1
Nov 26 10:04:33 localhost kernel: ehci-pci 0000:00:1a.0: debug port 2
Nov 26 10:04:33 localhost kernel: ehci-pci 0000:00:1a.0: cache line size of 64 is not supported
Nov 26 10:04:33 localhost kernel: ehci-pci 0000:00:1a.0: irq 23, io mem 0xdd8fd000
Nov 26 10:04:33 localhost kernel: ehci-pci 0000:00:1a.0: USB 2.0 started, EHCI 1.00
Nov 26 10:04:33 localhost kernel: usb usb1: New USB device found, idVendor=1d6b, idProduct=0002
Nov 26 10:04:33 localhost kernel: usb usb1: New USB device strings: Mfr=3, Product=2, SerialNumber=1
Nov 26 10:04:33 localhost kernel: usb usb1: Product: EHCI Host Controller
Nov 26 10:04:33 localhost kernel: usb usb1: Manufacturer: Linux 3.10.0-693.el7.x86_64 ehci_hcd
Nov 26 10:04:33 localhost kernel: usb usb1: SerialNumber: 0000:00:1a.0
Nov 26 10:04:33 localhost kernel: hub 1-0:1.0: USB hub found
Nov 26 10:04:33 localhost kernel: hub 1-0:1.0: 2 ports detected
Nov 26 10:04:33 localhost kernel: ehci-pci 0000:00:1d.0: EHCI Host Controller
Nov 26 10:04:33 localhost kernel: ehci-pci 0000:00:1d.0: new USB bus registered, assigned bus number 2
Nov 26 10:04:33 localhost kernel: ehci-pci 0000:00:1d.0: debug port 2
Nov 26 10:04:33 localhost kernel: ehci-pci 0000:00:1d.0: cache line size of 64 is not supported
Nov 26 10:04:33 localhost kernel: ehci-pci 0000:00:1d.0: irq 22, io mem 0xdd8fe000
Nov 26 10:04:33 localhost kernel: ehci-pci 0000:00:1d.0: USB 2.0 started, EHCI 1.00
Nov 26 10:04:33 localhost kernel: usb usb2: New USB device found, idVendor=1d6b, idProduct=0002
Nov 26 10:04:33 localhost kernel: usb usb2: New USB device strings: Mfr=3, Product=2, SerialNumber=1
Nov 26 10:04:33 localhost kernel: usb usb2: Product: EHCI Host Controller
Nov 26 10:04:33 localhost kernel: usb usb2: Manufacturer: Linux 3.10.0-693.el7.x86_64 ehci_hcd
Nov 26 10:04:33 localhost kernel: usb usb2: SerialNumber: 0000:00:1d.0
Nov 26 10:04:33 localhost kernel: hub 2-0:1.0: USB hub found
Nov 26 10:04:33 localhost kernel: hub 2-0:1.0: 2 ports detected
Nov 26 10:04:33 localhost kernel: ohci_hcd: USB 1.1 'Open' Host Controller (OHCI) Driver
Nov 26 10:04:33 localhost kernel: ohci-pci: OHCI PCI platform driver
Nov 26 10:04:33 localhost kernel: uhci_hcd: USB Universal Host Controller Interface driver
Nov 26 10:04:33 localhost kernel: usbcore: registered new interface driver usbserial
Nov 26 10:04:33 localhost kernel: usbcore: registered new interface driver usbserial_generic
Nov 26 10:04:33 localhost kernel: usbserial: USB Serial support registered for generic
Nov 26 10:04:33 localhost kernel: i8042: PNP: No PS/2 controller found. Probing ports directly.
Nov 26 10:04:33 localhost kernel: i8042: No controller found
Nov 26 10:04:33 localhost kernel: tsc: Refined TSC clocksource calibration: 1999.998 MHz
Nov 26 10:04:33 localhost kernel: mousedev: PS/2 mouse device common for all mice
Nov 26 10:04:33 localhost kernel: Switched to clocksource tsc
Nov 26 10:04:33 localhost kernel: rtc_cmos 00:01: RTC can wake from S4
Nov 26 10:04:33 localhost kernel: rtc_cmos 00:01: rtc core: registered rtc_cmos as rtc0
Nov 26 10:04:33 localhost kernel: rtc_cmos 00:01: alarms up to one day, y3k, 242 bytes nvram, hpet irqs
Nov 26 10:04:33 localhost kernel: Intel P-state driver initializing.
Nov 26 10:04:33 localhost kernel: cpuidle: using governor menu
Nov 26 10:04:33 localhost kernel: hidraw: raw HID events driver (C) Jiri Kosina
Nov 26 10:04:33 localhost kernel: usbcore: registered new interface driver usbhid
Nov 26 10:04:33 localhost kernel: usbhid: USB HID core driver
Nov 26 10:04:33 localhost kernel: drop_monitor: Initializing network drop monitor service
Nov 26 10:04:33 localhost kernel: TCP: cubic registered
Nov 26 10:04:33 localhost kernel: Initializing XFRM netlink socket
Nov 26 10:04:33 localhost kernel: NET: Registered protocol family 10
Nov 26 10:04:33 localhost kernel: NET: Registered protocol family 17
Nov 26 10:04:33 localhost kernel: microcode: CPU0 sig=0x206d7, pf=0x1, revision=0x710
Nov 26 10:04:33 localhost kernel: microcode: CPU1 sig=0x206d7, pf=0x1, revision=0x710
Nov 26 10:04:33 localhost kernel: microcode: CPU2 sig=0x206d7, pf=0x1, revision=0x710
Nov 26 10:04:33 localhost kernel: microcode: CPU3 sig=0x206d7, pf=0x1, revision=0x710
Nov 26 10:04:33 localhost kernel: microcode: CPU4 sig=0x206d7, pf=0x1, revision=0x710
Nov 26 10:04:33 localhost kernel: microcode: CPU5 sig=0x206d7, pf=0x1, revision=0x710
Nov 26 10:04:33 localhost kernel: microcode: CPU6 sig=0x206d7, pf=0x1, revision=0x710
Nov 26 10:04:33 localhost kernel: microcode: CPU7 sig=0x206d7, pf=0x1, revision=0x710
Nov 26 10:04:33 localhost kernel: microcode: CPU8 sig=0x206d7, pf=0x1, revision=0x710
Nov 26 10:04:33 localhost kernel: microcode: CPU9 sig=0x206d7, pf=0x1, revision=0x710
Nov 26 10:04:33 localhost kernel: microcode: CPU10 sig=0x206d7, pf=0x1, revision=0x710
Nov 26 10:04:33 localhost kernel: microcode: CPU11 sig=0x206d7, pf=0x1, revision=0x710
Nov 26 10:04:33 localhost kernel: microcode: Microcode Update Driver: v2.01 <tigran@aivazian.fsnet.co.uk>, Peter Oruba
Nov 26 10:04:33 localhost kernel: PM: Hibernation image not present or could not be loaded.
Nov 26 10:04:33 localhost kernel: Loading compiled-in X.509 certificates
Nov 26 10:04:33 localhost kernel: Loaded X.509 cert 'CentOS Linux kpatch signing key: ea0413152cde1d98ebdca3fe6f0230904c9ef717'
Nov 26 10:04:33 localhost kernel: Loaded X.509 cert 'CentOS Linux Driver update signing key: 7f421ee0ab69461574bb358861dbe77762a4201b'
Nov 26 10:04:33 localhost kernel: Loaded X.509 cert 'CentOS Linux kernel signing key: da187dca7dbe53ab05bd13bd0c4e21f422b6a49c'
Nov 26 10:04:33 localhost kernel: registered taskstats version 1
Nov 26 10:04:33 localhost kernel: Key type trusted registered
Nov 26 10:04:33 localhost kernel: Key type encrypted registered
Nov 26 10:04:33 localhost kernel: IMA: No TPM chip found, activating TPM-bypass!
Nov 26 10:04:33 localhost kernel:   Magic number: 10:557:73
Nov 26 10:04:33 localhost kernel: memory memory230: hash matches
Nov 26 10:04:33 localhost kernel: rtc_cmos 00:01: setting system clock to 2018-11-26 10:04:33 UTC (1543226673)
Nov 26 10:04:33 localhost kernel: Freeing unused kernel memory: 1764k freed
Nov 26 10:04:33 localhost kernel: ERST: NVRAM ERST Log Address Range is not implemented yet
Nov 26 10:04:33 localhost kernel: random: systemd: uninitialized urandom read (16 bytes read)
Nov 26 10:04:33 localhost kernel: random: systemd: uninitialized urandom read (16 bytes read)
Nov 26 10:04:33 localhost kernel: random: systemd: uninitialized urandom read (16 bytes read)
Nov 26 10:04:33 localhost systemd[1]: systemd 219 running in system mode. (+PAM +AUDIT +SELINUX +IMA -APPARMOR +SMACK +SYSVINIT +UTMP +LIBCRYPTSETUP +GCRYPT +GNUTLS +ACL +XZ -LZ4 -SECCOMP +BLKID +ELFUTILS +KMOD +IDN)
Nov 26 10:04:33 localhost systemd[1]: Detected architecture x86-64.
Nov 26 10:04:33 localhost systemd[1]: Running in initial RAM disk.
Nov 26 10:04:33 localhost systemd[1]: No hostname configured.
Nov 26 10:04:33 localhost systemd[1]: Set hostname to <localhost>.
Nov 26 10:04:33 localhost kernel: random: systemd: uninitialized urandom read (16 bytes read)
Nov 26 10:04:33 localhost systemd[1]: Initializing machine ID from random generator.
Nov 26 10:04:33 localhost kernel: random: systemd-cryptse: uninitialized urandom read (16 bytes read)
Nov 26 10:04:33 localhost kernel: random: systemd: uninitialized urandom read (16 bytes read)
Nov 26 10:04:33 localhost kernel: random: systemd: uninitialized urandom read (16 bytes read)
Nov 26 10:04:33 localhost kernel: random: systemd: uninitialized urandom read (16 bytes read)
Nov 26 10:04:33 localhost kernel: random: systemd: uninitialized urandom read (16 bytes read)
Nov 26 10:04:33 localhost kernel: random: systemd: uninitialized urandom read (16 bytes read)
Nov 26 10:04:33 localhost systemd[1]: Cannot add dependency job for unit blk-availability.service, ignoring: Unit not found.
Nov 26 10:04:33 localhost systemd[1]: Reached target Local File Systems.
Nov 26 10:04:33 localhost systemd[1]: Starting Local File Systems.
Nov 26 10:04:33 localhost systemd[1]: Reached target Swap.
Nov 26 10:04:33 localhost systemd[1]: Starting Swap.
Nov 26 10:04:33 localhost systemd[1]: Reached target Encrypted Volumes.
Nov 26 10:04:33 localhost systemd[1]: Starting Encrypted Volumes.
Nov 26 10:04:33 localhost systemd[1]: Created slice Root Slice.
Nov 26 10:04:33 localhost systemd[1]: Starting Root Slice.
Nov 26 10:04:33 localhost systemd[1]: Listening on Journal Socket.
Nov 26 10:04:33 localhost systemd[1]: Starting Journal Socket.
Nov 26 10:04:33 localhost systemd[1]: Listening on udev Kernel Socket.
Nov 26 10:04:33 localhost systemd[1]: Starting udev Kernel Socket.
Nov 26 10:04:33 localhost systemd[1]: Reached target Timers.
Nov 26 10:04:33 localhost systemd[1]: Starting Timers.
Nov 26 10:04:33 localhost systemd[1]: Created slice System Slice.
Nov 26 10:04:33 localhost systemd[1]: Starting System Slice.
Nov 26 10:04:33 localhost systemd[1]: Starting Setup Virtual Console...
Nov 26 10:04:33 localhost systemd[1]: Starting Apply Kernel Variables...
Nov 26 10:04:33 localhost systemd[1]: Starting dracut cmdline hook...
Nov 26 10:04:33 localhost systemd[1]: Starting Create list of required static device nodes for the current kernel...
Nov 26 10:04:33 localhost systemd[1]: Starting Journal Service...
Nov 26 10:04:33 localhost systemd[1]: Reached target Slices.
Nov 26 10:04:33 localhost systemd[1]: Starting Slices.
Nov 26 10:04:33 localhost systemd[1]: Listening on udev Control Socket.
Nov 26 10:04:33 localhost systemd[1]: Starting udev Control Socket.
Nov 26 10:04:33 localhost systemd[1]: Started Setup Virtual Console.
Nov 26 10:04:33 localhost systemd[1]: Started Apply Kernel Variables.
Nov 26 10:04:33 localhost systemd[1]: Started Create list of required static device nodes for the current kernel.
Nov 26 10:04:33 localhost systemd[1]: Starting Create Static Device Nodes in /dev...
Nov 26 10:04:33 localhost systemd[1]: Started Create Static Device Nodes in /dev.
Nov 26 10:04:33 localhost systemd-journal[150]: Journal started
Nov 26 10:04:33 localhost systemd[1]: Started Journal Service.
Nov 26 10:04:33 localhost kernel: BIOS EDD facility v0.16 2004-Jun-25, 2 devices found
Nov 26 10:04:33 localhost dracut-cmdline[145]: Loading CentOS 7 x86_64 installer...
Nov 26 10:04:33 localhost kernel: usb 1-1: new high-speed USB device number 2 using ehci-pci
Nov 26 10:04:33 localhost kernel: usb 2-1: new high-speed USB device number 2 using ehci-pci
Nov 26 10:04:33 localhost systemd[1]: Started dracut cmdline hook.
Nov 26 10:04:33 localhost systemd[1]: Starting dracut pre-udev hook...
Nov 26 10:04:33 localhost kernel: usb 1-1: New USB device found, idVendor=8087, idProduct=0024
Nov 26 10:04:33 localhost kernel: usb 1-1: New USB device strings: Mfr=0, Product=0, SerialNumber=0
Nov 26 10:04:33 localhost kernel: usb 2-1: New USB device found, idVendor=8087, idProduct=0024
Nov 26 10:04:33 localhost kernel: usb 2-1: New USB device strings: Mfr=0, Product=0, SerialNumber=0
Nov 26 10:04:33 localhost kernel: hub 1-1:1.0: USB hub found
Nov 26 10:04:33 localhost kernel: hub 2-1:1.0: USB hub found
Nov 26 10:04:33 localhost kernel: hub 1-1:1.0: 6 ports detected
Nov 26 10:04:33 localhost kernel: hub 2-1:1.0: 8 ports detected
Nov 26 10:04:33 localhost kernel: squashfs: version 4.0 (2009/01/31) Phillip Lougher
Nov 26 10:04:33 localhost kernel: Loading iSCSI transport class v2.0-870.
Nov 26 10:04:33 localhost kernel: iscsi: registered transport (tcp)
Nov 26 10:04:34 localhost kernel: usb 1-1.4: new low-speed USB device number 3 using ehci-pci
Nov 26 10:04:34 localhost kernel: usb 1-1.4: New USB device found, idVendor=03f0, idProduct=354a
Nov 26 10:04:34 localhost kernel: usb 1-1.4: New USB device strings: Mfr=0, Product=1, SerialNumber=0
Nov 26 10:04:34 localhost kernel: usb 1-1.4: Product: HP USB Slim Keyboard
Nov 26 10:04:34 localhost kernel: input: HP USB Slim Keyboard as /devices/pci0000:00/0000:00:1a.0/usb1/1-1/1-1.4/1-1.4:1.0/input/input1
Nov 26 10:04:34 localhost kernel: hid-generic 0003:03F0:354A.0001: input,hidraw0: USB HID v1.10 Keyboard [HP USB Slim Keyboard] on usb-0000:00:1a.0-1.4/input0
Nov 26 10:04:34 localhost kernel: input: HP USB Slim Keyboard as /devices/pci0000:00/0000:00:1a.0/usb1/1-1/1-1.4/1-1.4:1.1/input/input2
Nov 26 10:04:34 localhost kernel: hid-generic 0003:03F0:354A.0002: input,hiddev0,hidraw1: USB HID v1.10 Device [HP USB Slim Keyboard] on usb-0000:00:1a.0-1.4/input1
Nov 26 10:04:34 localhost kernel: usb 1-1.5: new high-speed USB device number 4 using ehci-pci
Nov 26 10:04:34 localhost kernel: usb 1-1.5: New USB device found, idVendor=0951, idProduct=1666
Nov 26 10:04:34 localhost kernel: usb 1-1.5: New USB device strings: Mfr=1, Product=2, SerialNumber=3
Nov 26 10:04:34 localhost kernel: usb 1-1.5: Product: DataTraveler 3.0
Nov 26 10:04:34 localhost kernel: usb 1-1.5: Manufacturer: Kingston
Nov 26 10:04:34 localhost kernel: usb 1-1.5: SerialNumber: 08606E6D413DF1A1D70C28DA
Nov 26 10:04:34 localhost kernel: usb 1-1.6: new high-speed USB device number 5 using ehci-pci
Nov 26 10:04:34 localhost kernel: usb 1-1.6: New USB device found, idVendor=0624, idProduct=0248
Nov 26 10:04:34 localhost kernel: usb 1-1.6: New USB device strings: Mfr=1, Product=2, SerialNumber=3
Nov 26 10:04:34 localhost kernel: usb 1-1.6: Product: Gadget USB HUB
Nov 26 10:04:34 localhost kernel: usb 1-1.6: Manufacturer: no manufacturer
Nov 26 10:04:34 localhost kernel: usb 1-1.6: SerialNumber: 0123456789
Nov 26 10:04:34 localhost kernel: hub 1-1.6:1.0: USB hub found
Nov 26 10:04:34 localhost kernel: hub 1-1.6:1.0: 6 ports detected
Nov 26 10:04:34 localhost kernel: usb 1-1.6.1: new high-speed USB device number 6 using ehci-pci
Nov 26 10:04:34 localhost kernel: random: fast init done
Nov 26 10:04:34 localhost kernel: usb 1-1.6.1: New USB device found, idVendor=0624, idProduct=0249
Nov 26 10:04:34 localhost kernel: usb 1-1.6.1: New USB device strings: Mfr=4, Product=5, SerialNumber=6
Nov 26 10:04:34 localhost kernel: usb 1-1.6.1: Product: Keyboard/Mouse Function
Nov 26 10:04:34 localhost kernel: usb 1-1.6.1: Manufacturer: Avocent
Nov 26 10:04:34 localhost kernel: usb 1-1.6.1: SerialNumber: 20120917
Nov 26 10:04:34 localhost kernel: input: Avocent Keyboard/Mouse Function as /devices/pci0000:00/0000:00:1a.0/usb1/1-1/1-1.6/1-1.6.1/1-1.6.1:1.0/input/input3
Nov 26 10:04:35 localhost kernel: hid-generic 0003:0624:0249.0003: input,hidraw2: USB HID v1.00 Keyboard [Avocent Keyboard/Mouse Function] on usb-0000:00:1a.0-1.6.1/input0
Nov 26 10:04:35 localhost kernel: input: Avocent Keyboard/Mouse Function as /devices/pci0000:00/0000:00:1a.0/usb1/1-1/1-1.6/1-1.6.1/1-1.6.1:1.1/input/input4
Nov 26 10:04:35 localhost kernel: hid-generic 0003:0624:0249.0004: input,hidraw3: USB HID v1.00 Mouse [Avocent Keyboard/Mouse Function] on usb-0000:00:1a.0-1.6.1/input1
Nov 26 10:04:35 localhost kernel: input: Avocent Keyboard/Mouse Function as /devices/pci0000:00/0000:00:1a.0/usb1/1-1/1-1.6/1-1.6.1/1-1.6.1:1.2/input/input5
Nov 26 10:04:35 localhost kernel: hid-generic 0003:0624:0249.0005: input,hidraw4: USB HID v1.00 Mouse [Avocent Keyboard/Mouse Function] on usb-0000:00:1a.0-1.6.1/input2
Nov 26 10:04:36 localhost kernel: floppy0: no floppy controllers found
Nov 26 10:04:36 localhost kernel: No iBFT detected.
Nov 26 10:04:36 localhost kernel: async_tx: api initialized (async)
Nov 26 10:04:36 localhost kernel: xor: automatically using best checksumming function:
Nov 26 10:04:36 localhost kernel:    avx       : 17508.000 MB/sec
Nov 26 10:04:36 localhost kernel: raid6: sse2x1   gen()  6144 MB/s
Nov 26 10:04:36 localhost kernel: raid6: sse2x2   gen()  7734 MB/s
Nov 26 10:04:36 localhost kernel: raid6: sse2x4   gen()  8937 MB/s
Nov 26 10:04:36 localhost kernel: raid6: using algorithm sse2x4 gen() (8937 MB/s)
Nov 26 10:04:36 localhost kernel: raid6: using ssse3x2 recovery algorithm
Nov 26 10:04:37 localhost kernel: device-mapper: uevent: version 1.0.3
Nov 26 10:04:37 localhost kernel: device-mapper: ioctl: 4.35.0-ioctl (2016-06-23) initialised: dm-devel@redhat.com
Nov 26 10:04:37 localhost kernel: device-mapper: multipath round-robin: version 1.2.0 loaded
Nov 26 10:04:37 localhost kernel: RPC: Registered named UNIX socket transport module.
Nov 26 10:04:37 localhost kernel: RPC: Registered udp transport module.
Nov 26 10:04:37 localhost kernel: RPC: Registered tcp transport module.
Nov 26 10:04:37 localhost kernel: RPC: Registered tcp NFSv4.1 backchannel transport module.
Nov 26 10:04:37 localhost rpc.statd[474]: Version 1.3.0 starting
Nov 26 10:04:37 localhost rpc.statd[474]: Initializing NSM state
Nov 26 10:04:37 localhost rpc.statd[474]: Running as root.  chown /var/lib/nfs/statd to choose different user
Nov 26 10:04:37 localhost systemd[1]: Started dracut pre-udev hook.
Nov 26 10:04:37 localhost systemd[1]: Starting udev Kernel Device Manager...
Nov 26 10:04:37 localhost systemd-udevd[501]: starting version 219
Nov 26 10:04:37 localhost systemd[1]: Started udev Kernel Device Manager.
Nov 26 10:04:37 localhost systemd[1]: Starting dracut pre-trigger hook...
Nov 26 10:04:37 localhost lldpad[516]: config file failed to load,
Nov 26 10:04:37 localhost kernel: usb-storage 1-1.5:1.0: USB Mass Storage device detected
Nov 26 10:04:37 localhost kernel: scsi host0: usb-storage 1-1.5:1.0
Nov 26 10:04:37 localhost kernel: usbcore: registered new interface driver usb-storage
Nov 26 10:04:37 localhost lldpad[516]: create a new file.
Nov 26 10:04:37 localhost lldpad[516]: bound ctrl iface to /com/intel/lldpad
Nov 26 10:04:37 localhost dracut-pre-trigger[504]: 520
Nov 26 10:04:37 localhost kernel: usbcore: registered new interface driver uas
Nov 26 10:04:37 localhost systemd[1]: Started dracut pre-trigger hook.
Nov 26 10:04:37 localhost systemd[1]: Starting udev Coldplug all Devices...
Nov 26 10:04:37 localhost systemd[1]: Mounting Configuration File System...
Nov 26 10:04:37 localhost systemd[1]: Mounted Configuration File System.
Nov 26 10:04:37 localhost systemd-udevd[596]: could not find module by name='ipmi_si'
Nov 26 10:04:37 localhost systemd-udevd[596]: could not find module by name='ipmi_devintf'
Nov 26 10:04:37 localhost systemd-udevd[596]: could not find module by name='ipmi_msghandler'
Nov 26 10:04:37 localhost kernel: wmi: Mapper loaded
Nov 26 10:04:37 localhost kernel: pps_core: LinuxPPS API ver. 1 registered
Nov 26 10:04:37 localhost kernel: pps_core: Software ver. 5.3.6 - Copyright 2005-2007 Rodolfo Giometti <giometti@linux.it>
Nov 26 10:04:37 localhost systemd[1]: Started udev Coldplug all Devices.
Nov 26 10:04:37 localhost systemd[1]: Starting Device-Mapper Multipath Device Controller...
Nov 26 10:04:37 localhost kernel: PTP clock support registered
Nov 26 10:04:37 localhost systemd[1]: Starting Show Plymouth Boot Screen...
Nov 26 10:04:37 localhost systemd[1]: Reached target System Initialization.
Nov 26 10:04:37 localhost systemd[1]: Starting System Initialization.
Nov 26 10:04:37 localhost systemd[1]: Listening on Open-iSCSI iscsiuio Socket.
Nov 26 10:04:37 localhost systemd[1]: Starting Open-iSCSI iscsiuio Socket.
Nov 26 10:04:37 localhost systemd[1]: Reached target Sockets.
Nov 26 10:04:37 localhost systemd[1]: Starting Sockets.
Nov 26 10:04:37 localhost kernel: megasas: 07.701.17.00-rh1
Nov 26 10:04:37 localhost kernel: megaraid_sas 0000:03:00.0: FW now in Ready state
Nov 26 10:04:37 localhost kernel: megaraid_sas 0000:03:00.0: irq 34 for MSI/MSI-X
Nov 26 10:04:37 localhost kernel: megaraid_sas 0000:03:00.0: firmware supports msix        : (0)
Nov 26 10:04:37 localhost kernel: megaraid_sas 0000:03:00.0: current msix/online cpus        : (1/12)
Nov 26 10:04:37 localhost kernel: megaraid_sas 0000:03:00.0: RDPQ mode        : (disabled)
Nov 26 10:04:37 localhost kernel: tg3.c:v3.137 (May 11, 2014)
Nov 26 10:04:37 localhost systemd[1]: Started Device-Mapper Multipath Device Controller.
Nov 26 10:04:37 localhost systemd[1]: Starting Open-iSCSI...
Nov 26 10:04:37 localhost systemd[1]: Received SIGRTMIN+20 from PID 625 (plymouthd).
Nov 26 10:04:37 localhost systemd[1]: Started Show Plymouth Boot Screen.
Nov 26 10:04:37 localhost systemd[1]: Started Forward Password Requests to Plymouth Directory Watch.
Nov 26 10:04:37 localhost systemd[1]: Starting Forward Password Requests to Plymouth Directory Watch.
Nov 26 10:04:37 localhost systemd[1]: Reached target Paths.
Nov 26 10:04:37 localhost iscsid[644]: iSCSI logger with pid=646 started!
Nov 26 10:04:37 localhost systemd[1]: Starting Paths.
Nov 26 10:04:37 localhost systemd[1]: Reached target Basic System.
Nov 26 10:04:37 localhost systemd[1]: Starting Basic System.
Nov 26 10:04:37 localhost systemd[1]: Failed to read PID from file /var/run/iscsid.pid: Invalid argument
Nov 26 10:04:37 localhost kernel: libata version 3.00 loaded.
Nov 26 10:04:37 localhost iscsid[646]: iSCSI daemon with pid=647 started!
Nov 26 10:04:37 localhost kernel: ahci 0000:00:1f.2: version 3.0
Nov 26 10:04:37 localhost multipathd[637]: path checkers start up
Nov 26 10:04:37 localhost systemd[1]: Started Open-iSCSI.
Nov 26 10:04:37 localhost systemd[1]: Starting dracut initqueue hook...
Nov 26 10:04:37 localhost kernel: ahci 0000:00:1f.2: irq 36 for MSI/MSI-X
Nov 26 10:04:37 localhost kernel: mlx4_core: Mellanox ConnectX core driver v2.2-1 (Feb, 2014)
Nov 26 10:04:37 localhost kernel: mlx4_core: Initializing 0000:04:00.0
Nov 26 10:04:37 localhost kernel: [drm] Initialized
Nov 26 10:04:37 localhost kernel: AES CTR mode by8 optimization enabled
Nov 26 10:04:37 localhost kernel: tg3 0000:02:00.0 eth0: Tigon3 [partno(BCM95720) rev 5720000] (PCI Express) MAC address 90:b1:1c:26:86:e0
Nov 26 10:04:37 localhost kernel: tg3 0000:02:00.0 eth0: attached PHY is 5720C (10/100/1000Base-T Ethernet) (WireSpeed[1], EEE[1])
Nov 26 10:04:37 localhost kernel: tg3 0000:02:00.0 eth0: RXcsums[1] LinkChgREG[0] MIirq[0] ASF[1] TSOcap[1]
Nov 26 10:04:37 localhost kernel: tg3 0000:02:00.0 eth0: dma_rwctrl[00000001] dma_mask[64-bit]
Nov 26 10:04:37 localhost kernel: ahci 0000:00:1f.2: AHCI 0001.0300 32 slots 6 ports 3 Gbps 0x3f impl SATA mode
Nov 26 10:04:37 localhost kernel: ahci 0000:00:1f.2: flags: 64bit ncq sntf pm led clo pio slum part ems apst 
Nov 26 10:04:37 localhost kernel: alg: No test for __gcm-aes-aesni (__driver-gcm-aes-aesni)
Nov 26 10:04:37 localhost kernel: alg: No test for crc32 (crc32-pclmul)
Nov 26 10:04:37 localhost kernel: scsi host2: ahci
Nov 26 10:04:37 localhost kernel: scsi host3: ahci
Nov 26 10:04:37 localhost kernel: scsi host4: ahci
Nov 26 10:04:37 localhost kernel: scsi host5: ahci
Nov 26 10:04:37 localhost kernel: scsi host6: ahci
Nov 26 10:04:37 localhost kernel: scsi host7: ahci
Nov 26 10:04:37 localhost kernel: 8021q: 802.1Q VLAN Support v1.8
Nov 26 10:04:37 localhost kernel: ata1: SATA max UDMA/133 abar m2048@0xdd8ff000 port 0xdd8ff100 irq 36
Nov 26 10:04:37 localhost kernel: ata2: SATA max UDMA/133 abar m2048@0xdd8ff000 port 0xdd8ff180 irq 36
Nov 26 10:04:37 localhost kernel: ata3: SATA max UDMA/133 abar m2048@0xdd8ff000 port 0xdd8ff200 irq 36
Nov 26 10:04:37 localhost kernel: ata4: SATA max UDMA/133 abar m2048@0xdd8ff000 port 0xdd8ff280 irq 36
Nov 26 10:04:37 localhost kernel: ata5: SATA max UDMA/133 abar m2048@0xdd8ff000 port 0xdd8ff300 irq 36
Nov 26 10:04:37 localhost kernel: ata6: SATA max UDMA/133 abar m2048@0xdd8ff000 port 0xdd8ff380 irq 36
Nov 26 10:04:37 localhost systemd[1]: Reloading.
Nov 26 10:04:37 localhost kernel: tg3 0000:02:00.1 eth1: Tigon3 [partno(BCM95720) rev 5720000] (PCI Express) MAC address 90:b1:1c:26:86:e1
Nov 26 10:04:37 localhost kernel: tg3 0000:02:00.1 eth1: attached PHY is 5720C (10/100/1000Base-T Ethernet) (WireSpeed[1], EEE[1])
Nov 26 10:04:37 localhost kernel: tg3 0000:02:00.1 eth1: RXcsums[1] LinkChgREG[0] MIirq[0] ASF[1] TSOcap[1]
Nov 26 10:04:37 localhost kernel: tg3 0000:02:00.1 eth1: dma_rwctrl[00000001] dma_mask[64-bit]
Nov 26 10:04:37 localhost kernel: tg3 0000:01:00.0 eth2: Tigon3 [partno(BCM95720) rev 5720000] (PCI Express) MAC address 90:b1:1c:26:86:de
Nov 26 10:04:37 localhost kernel: tg3 0000:01:00.0 eth2: attached PHY is 5720C (10/100/1000Base-T Ethernet) (WireSpeed[1], EEE[1])
Nov 26 10:04:37 localhost kernel: tg3 0000:01:00.0 eth2: RXcsums[1] LinkChgREG[0] MIirq[0] ASF[1] TSOcap[1]
Nov 26 10:04:37 localhost kernel: tg3 0000:01:00.0 eth2: dma_rwctrl[00000001] dma_mask[64-bit]
Nov 26 10:04:37 localhost kernel: [TTM] Zone  kernel: Available graphics memory: 32946588 kiB
Nov 26 10:04:37 localhost kernel: [TTM] Zone   dma32: Available graphics memory: 2097152 kiB
Nov 26 10:04:37 localhost kernel: [TTM] Initializing pool allocator
Nov 26 10:04:37 localhost kernel: [TTM] Initializing DMA pool allocator
Nov 26 10:04:37 localhost kernel: tg3 0000:01:00.1 eth3: Tigon3 [partno(BCM95720) rev 5720000] (PCI Express) MAC address 90:b1:1c:26:86:df
Nov 26 10:04:37 localhost kernel: tg3 0000:01:00.1 eth3: attached PHY is 5720C (10/100/1000Base-T Ethernet) (WireSpeed[1], EEE[1])
Nov 26 10:04:37 localhost kernel: tg3 0000:01:00.1 eth3: RXcsums[1] LinkChgREG[0] MIirq[0] ASF[1] TSOcap[1]
Nov 26 10:04:37 localhost kernel: tg3 0000:01:00.1 eth3: dma_rwctrl[00000001] dma_mask[64-bit]
Nov 26 10:04:37 localhost kernel: fbcon: mgadrmfb (fb0) is primary device
Nov 26 10:04:37 localhost kernel: megaraid_sas 0000:03:00.0: controller type        : iMR(0MB)
Nov 26 10:04:37 localhost kernel: megaraid_sas 0000:03:00.0: Online Controller Reset(OCR)        : Enabled
Nov 26 10:04:37 localhost kernel: megaraid_sas 0000:03:00.0: Secure JBOD support        : No
Nov 26 10:04:37 localhost kernel: megaraid_sas 0000:03:00.0: megasas_init_mfi: fw_support_ieee=67108864
Nov 26 10:04:37 localhost kernel: megaraid_sas 0000:03:00.0: INIT adapter done
Nov 26 10:04:37 localhost kernel: megaraid_sas 0000:03:00.0: Jbod map is not supported megasas_setup_jbod_map 5121
Nov 26 10:04:37 localhost kernel: megaraid_sas 0000:03:00.0: pci id                : (0x1000)/(0x0073)/(0x1028)/(0x1f51)
Nov 26 10:04:37 localhost kernel: megaraid_sas 0000:03:00.0: unevenspan support        : no
Nov 26 10:04:37 localhost kernel: megaraid_sas 0000:03:00.0: firmware crash dump        : no
Nov 26 10:04:37 localhost kernel: megaraid_sas 0000:03:00.0: jbod sync map                : no
Nov 26 10:04:37 localhost kernel: scsi host1: Avago SAS based MegaRAID driver
Nov 26 10:04:37 localhost kernel: scsi 1:2:0:0: Direct-Access     DELL     PERC H310        2.12 PQ: 0 ANSI: 5
Nov 26 10:04:37 localhost kernel: Console: switching to colour frame buffer device 210x65
Nov 26 10:04:37 localhost kernel: mgag200 0000:0b:00.0: fb0: mgadrmfb frame buffer device
Nov 26 10:04:37 localhost kernel: [drm] Initialized mgag200 1.0.0 20110418 for 0000:0b:00.0 on minor 0
Nov 26 10:04:37 localhost kernel: ata1: SATA link down (SStatus 0 SControl 300)
Nov 26 10:04:37 localhost kernel: ata4: SATA link down (SStatus 0 SControl 300)
Nov 26 10:04:37 localhost kernel: ata3: SATA link down (SStatus 0 SControl 300)
Nov 26 10:04:37 localhost kernel: ata6: SATA link down (SStatus 0 SControl 300)
Nov 26 10:04:37 localhost kernel: ata2: SATA link down (SStatus 0 SControl 300)
Nov 26 10:04:37 localhost kernel: ata5: SATA link up 1.5 Gbps (SStatus 113 SControl 300)
Nov 26 10:04:37 localhost kernel: ata5.00: ATAPI: HL-DT-ST DVD+/-RW GU70N, A300, max UDMA/100
Nov 26 10:04:37 localhost kernel: sd 1:2:0:0: [sda] 584843264 512-byte logical blocks: (299 GB/278 GiB)
Nov 26 10:04:37 localhost kernel: sd 1:2:0:0: [sda] Write Protect is off
Nov 26 10:04:37 localhost kernel: sd 1:2:0:0: [sda] Mode Sense: 1f 00 10 08
Nov 26 10:04:37 localhost kernel: sd 1:2:0:0: [sda] Write cache: disabled, read cache: disabled, supports DPO and FUA
Nov 26 10:04:37 localhost kernel:  sda: sda1 sda2 sda3 sda4
Nov 26 10:04:37 localhost kernel: sd 1:2:0:0: [sda] Attached SCSI disk
Nov 26 10:04:37 localhost kernel: ata5.00: configured for UDMA/100
Nov 26 10:04:37 localhost kernel: scsi 6:0:0:0: CD-ROM            HL-DT-ST DVD+-RW GU70N    A300 PQ: 0 ANSI: 5
Nov 26 10:04:37 localhost kernel: sr 6:0:0:0: [sr0] scsi3-mmc drive: 24x/24x writer dvd-ram cd/rw xa/form2 cdda tray
Nov 26 10:04:37 localhost kernel: cdrom: Uniform CD-ROM driver Revision: 3.20
Nov 26 10:04:37 localhost kernel: sr 6:0:0:0: Attached scsi CD-ROM sr0
Nov 26 10:04:37 localhost multipathd[637]: sda: add path (uevent)
Nov 26 10:04:38 localhost kernel: scsi 0:0:0:0: Direct-Access     Kingston DataTraveler 3.0      PQ: 0 ANSI: 6
Nov 26 10:04:38 localhost kernel: sd 0:0:0:0: [sdb] 30218842 512-byte logical blocks: (15.4 GB/14.4 GiB)
Nov 26 10:04:38 localhost kernel: sd 0:0:0:0: [sdb] Write Protect is off
Nov 26 10:04:38 localhost kernel: sd 0:0:0:0: [sdb] Mode Sense: 4f 00 00 00
Nov 26 10:04:38 localhost kernel: sd 0:0:0:0: [sdb] Write cache: disabled, read cache: enabled, doesn't support DPO or FUA
Nov 26 10:04:38 localhost kernel:  sdb: sdb1
Nov 26 10:04:38 localhost kernel: sd 0:0:0:0: [sdb] Attached SCSI removable disk
Nov 26 10:04:38 localhost multipathd[637]: sdb: add path (uevent)
Nov 26 10:04:38 localhost iscsid[646]: can't open InitiatorName configuration file /etc/iscsi/initiatorname.iscsi
Nov 26 10:04:38 localhost iscsid[646]: Warning: InitiatorName file /etc/iscsi/initiatorname.iscsi does not exist or does not contain a properly formatted InitiatorName. If using software iscsi (iscsi_tcp or ib_iser) or partial offload (bnx2i or cxgbi iscsi), you may not be able to log into or
Nov 26 10:04:38 localhost iscsid[646]: can't open InitiatorAlias configuration file /etc/iscsi/initiatorname.iscsi
Nov 26 10:04:38 localhost iscsid[646]: can't open iscsid.safe_logout configuration file /etc/iscsi/iscsid.conf
Nov 26 10:04:43 localhost kernel: mlx4_core 0000:04:00.0: PCIe link speed is 8.0GT/s, device supports 8.0GT/s
Nov 26 10:04:43 localhost kernel: mlx4_core 0000:04:00.0: PCIe link width is x8, device supports x8
Nov 26 10:04:43 localhost kernel: mlx4_core 0000:04:00.0: irq 41 for MSI/MSI-X
Nov 26 10:04:43 localhost kernel: mlx4_core 0000:04:00.0: irq 42 for MSI/MSI-X
Nov 26 10:04:43 localhost kernel: mlx4_core 0000:04:00.0: irq 43 for MSI/MSI-X
Nov 26 10:04:43 localhost kernel: mlx4_core 0000:04:00.0: irq 44 for MSI/MSI-X
Nov 26 10:04:43 localhost kernel: mlx4_core 0000:04:00.0: irq 45 for MSI/MSI-X
Nov 26 10:04:43 localhost kernel: mlx4_core 0000:04:00.0: irq 46 for MSI/MSI-X
Nov 26 10:04:43 localhost kernel: mlx4_core 0000:04:00.0: irq 47 for MSI/MSI-X
Nov 26 10:04:43 localhost kernel: mlx4_core 0000:04:00.0: irq 48 for MSI/MSI-X
Nov 26 10:04:43 localhost kernel: mlx4_core 0000:04:00.0: irq 49 for MSI/MSI-X
Nov 26 10:04:43 localhost kernel: mlx4_core 0000:04:00.0: irq 50 for MSI/MSI-X
Nov 26 10:04:43 localhost kernel: mlx4_core 0000:04:00.0: irq 51 for MSI/MSI-X
Nov 26 10:04:43 localhost kernel: mlx4_core 0000:04:00.0: irq 52 for MSI/MSI-X
Nov 26 10:04:43 localhost kernel: mlx4_core 0000:04:00.0: irq 53 for MSI/MSI-X
Nov 26 10:04:43 localhost kernel: mlx4_core 0000:04:00.0: irq 54 for MSI/MSI-X
Nov 26 10:04:43 localhost kernel: mlx4_core 0000:04:00.0: irq 55 for MSI/MSI-X
